Archive member included to satisfy reference by file (symbol)

d:/software/stm32cube/gcc-arm-none-eabi-10.3-2021.10/bin/../lib/gcc/arm-none-eabi/10.3.1/../../../../arm-none-eabi/lib/thumb/v6-m/nofp\libc_nano.a(lib_a-exit.o)
                              d:/software/stm32cube/gcc-arm-none-eabi-10.3-2021.10/bin/../lib/gcc/arm-none-eabi/10.3.1/../../../../arm-none-eabi/lib/thumb/v6-m/nofp/crt0.o (exit)
d:/software/stm32cube/gcc-arm-none-eabi-10.3-2021.10/bin/../lib/gcc/arm-none-eabi/10.3.1/../../../../arm-none-eabi/lib/thumb/v6-m/nofp\libc_nano.a(lib_a-impure.o)
                              d:/software/stm32cube/gcc-arm-none-eabi-10.3-2021.10/bin/../lib/gcc/arm-none-eabi/10.3.1/../../../../arm-none-eabi/lib/thumb/v6-m/nofp\libc_nano.a(lib_a-exit.o) (_global_impure_ptr)
d:/software/stm32cube/gcc-arm-none-eabi-10.3-2021.10/bin/../lib/gcc/arm-none-eabi/10.3.1/../../../../arm-none-eabi/lib/thumb/v6-m/nofp\libc_nano.a(lib_a-init.o)
                              d:/software/stm32cube/gcc-arm-none-eabi-10.3-2021.10/bin/../lib/gcc/arm-none-eabi/10.3.1/../../../../arm-none-eabi/lib/thumb/v6-m/nofp/crt0.o (__libc_init_array)
d:/software/stm32cube/gcc-arm-none-eabi-10.3-2021.10/bin/../lib/gcc/arm-none-eabi/10.3.1/../../../../arm-none-eabi/lib/thumb/v6-m/nofp\libc_nano.a(lib_a-memset.o)
                              d:/software/stm32cube/gcc-arm-none-eabi-10.3-2021.10/bin/../lib/gcc/arm-none-eabi/10.3.1/../../../../arm-none-eabi/lib/thumb/v6-m/nofp/crt0.o (memset)
d:/software/stm32cube/gcc-arm-none-eabi-10.3-2021.10/bin/../lib/gcc/arm-none-eabi/10.3.1/thumb/v6-m/nofp\libgcc.a(_udivsi3.o)
                              CMakeFiles/MediLiquid_Collector.dir/Drivers/STM32G0xx_HAL_Driver/Src/stm32g0xx_hal_adc.c.obj (__aeabi_uidiv)
d:/software/stm32cube/gcc-arm-none-eabi-10.3-2021.10/bin/../lib/gcc/arm-none-eabi/10.3.1/thumb/v6-m/nofp\libgcc.a(_divsi3.o)
                              CMakeFiles/MediLiquid_Collector.dir/Drivers/STM32G0xx_HAL_Driver/Src/stm32g0xx_hal_uart_ex.c.obj (__aeabi_idiv)
d:/software/stm32cube/gcc-arm-none-eabi-10.3-2021.10/bin/../lib/gcc/arm-none-eabi/10.3.1/thumb/v6-m/nofp\libgcc.a(_dvmd_tls.o)
                              d:/software/stm32cube/gcc-arm-none-eabi-10.3-2021.10/bin/../lib/gcc/arm-none-eabi/10.3.1/thumb/v6-m/nofp\libgcc.a(_udivsi3.o) (__aeabi_idiv0)
d:/software/stm32cube/gcc-arm-none-eabi-10.3-2021.10/bin/../lib/gcc/arm-none-eabi/10.3.1/../../../../arm-none-eabi/lib/thumb/v6-m/nofp\libg_nano.a(lib_a-errno.o)
                              CMakeFiles/MediLiquid_Collector.dir/Core/Src/sysmem.c.obj (__errno)
d:/software/stm32cube/gcc-arm-none-eabi-10.3-2021.10/bin/../lib/gcc/arm-none-eabi/10.3.1/../../../../arm-none-eabi/lib/thumb/v6-m/nofp\libg_nano.a(lib_a-memcpy-stub.o)
                              CMakeFiles/MediLiquid_Collector.dir/HardWare/Src/usart_free_dma.c.obj (memcpy)

Discarded input sections

 .text          0x00000000        0x0 d:/software/stm32cube/gcc-arm-none-eabi-10.3-2021.10/bin/../lib/gcc/arm-none-eabi/10.3.1/thumb/v6-m/nofp/crti.o
 .data          0x00000000        0x0 d:/software/stm32cube/gcc-arm-none-eabi-10.3-2021.10/bin/../lib/gcc/arm-none-eabi/10.3.1/thumb/v6-m/nofp/crti.o
 .bss           0x00000000        0x0 d:/software/stm32cube/gcc-arm-none-eabi-10.3-2021.10/bin/../lib/gcc/arm-none-eabi/10.3.1/thumb/v6-m/nofp/crti.o
 .data          0x00000000        0x4 d:/software/stm32cube/gcc-arm-none-eabi-10.3-2021.10/bin/../lib/gcc/arm-none-eabi/10.3.1/thumb/v6-m/nofp/crtbegin.o
 .rodata        0x00000000       0x24 d:/software/stm32cube/gcc-arm-none-eabi-10.3-2021.10/bin/../lib/gcc/arm-none-eabi/10.3.1/thumb/v6-m/nofp/crtbegin.o
 .text          0x00000000       0x80 d:/software/stm32cube/gcc-arm-none-eabi-10.3-2021.10/bin/../lib/gcc/arm-none-eabi/10.3.1/../../../../arm-none-eabi/lib/thumb/v6-m/nofp/crt0.o
 .data          0x00000000        0x0 d:/software/stm32cube/gcc-arm-none-eabi-10.3-2021.10/bin/../lib/gcc/arm-none-eabi/10.3.1/../../../../arm-none-eabi/lib/thumb/v6-m/nofp/crt0.o
 .bss           0x00000000        0x0 d:/software/stm32cube/gcc-arm-none-eabi-10.3-2021.10/bin/../lib/gcc/arm-none-eabi/10.3.1/../../../../arm-none-eabi/lib/thumb/v6-m/nofp/crt0.o
 .ARM.extab     0x00000000        0x0 d:/software/stm32cube/gcc-arm-none-eabi-10.3-2021.10/bin/../lib/gcc/arm-none-eabi/10.3.1/../../../../arm-none-eabi/lib/thumb/v6-m/nofp/crt0.o
 .ARM.exidx     0x00000000       0x10 d:/software/stm32cube/gcc-arm-none-eabi-10.3-2021.10/bin/../lib/gcc/arm-none-eabi/10.3.1/../../../../arm-none-eabi/lib/thumb/v6-m/nofp/crt0.o
 .ARM.attributes
                0x00000000       0x1b d:/software/stm32cube/gcc-arm-none-eabi-10.3-2021.10/bin/../lib/gcc/arm-none-eabi/10.3.1/../../../../arm-none-eabi/lib/thumb/v6-m/nofp/crt0.o
 .text          0x00000000        0x0 d:/software/stm32cube/gcc-arm-none-eabi-10.3-2021.10/bin/../lib/gcc/arm-none-eabi/10.3.1/../../../../arm-none-eabi/lib/thumb/v6-m/nofp\libc_nano.a(lib_a-exit.o)
[...]
Memory Configuration

Name             Origin             Length             Attributes
RAM              0x20000000         0x00009000         xrw
FLASH            0x08000000         0x00020000         xr
*default*        0x00000000         0xffffffff

Linker script and memory map

LOAD d:/software/stm32cube/gcc-arm-none-eabi-10.3-2021.10/bin/../lib/gcc/arm-none-eabi/10.3.1/thumb/v6-m/nofp/crti.o
LOAD d:/software/stm32cube/gcc-arm-none-eabi-10.3-2021.10/bin/../lib/gcc/arm-none-eabi/10.3.1/thumb/v6-m/nofp/crtbegin.o
LOAD d:/software/stm32cube/gcc-arm-none-eabi-10.3-2021.10/bin/../lib/gcc/arm-none-eabi/10.3.1/../../../../arm-none-eabi/lib/thumb/v6-m/nofp/crt0.o
START GROUP
LOAD d:/software/stm32cube/gcc-arm-none-eabi-10.3-2021.10/bin/../lib/gcc/arm-none-eabi/10.3.1/../../../../arm-none-eabi/lib/thumb/v6-m/nofp\libc_nano.a
LOAD d:/software/stm32cube/gcc-arm-none-eabi-10.3-2021.10/bin/../lib/gcc/arm-none-eabi/10.3.1/../../../../arm-none-eabi/lib/thumb/v6-m/nofp\libm.a
END GROUP
LOAD CMakeFiles/MediLiquid_Collector.dir/HardWare/Src/tmp112.c.obj
LOAD CMakeFiles/MediLiquid_Collector.dir/HardWare/Src/usart_free_dma.c.obj
LOAD CMakeFiles/MediLiquid_Collector.dir/Core/Src/main.c.obj
LOAD CMakeFiles/MediLiquid_Collector.dir/Core/Src/gpio.c.obj
LOAD CMakeFiles/MediLiquid_Collector.dir/Core/Src/adc.c.obj
LOAD CMakeFiles/MediLiquid_Collector.dir/Core/Src/dma.c.obj
LOAD CMakeFiles/MediLiquid_Collector.dir/Core/Src/i2c.c.obj
LOAD CMakeFiles/MediLiquid_Collector.dir/Core/Src/usart.c.obj
LOAD CMakeFiles/MediLiquid_Collector.dir/Core/Src/stm32g0xx_it.c.obj
LOAD CMakeFiles/MediLiquid_Collector.dir/Core/Src/stm32g0xx_hal_msp.c.obj
LOAD CMakeFiles/MediLiquid_Collector.dir/Drivers/STM32G0xx_HAL_Driver/Src/stm32g0xx_hal_adc.c.obj
LOAD CMakeFiles/MediLiquid_Collector.dir/Drivers/STM32G0xx_HAL_Driver/Src/stm32g0xx_hal_adc_ex.c.obj
LOAD CMakeFiles/MediLiquid_Collector.dir/Drivers/STM32G0xx_HAL_Driver/Src/stm32g0xx_ll_adc.c.obj
LOAD CMakeFiles/MediLiquid_Collector.dir/Drivers/STM32G0xx_HAL_Driver/Src/stm32g0xx_hal_rcc.c.obj
LOAD CMakeFiles/MediLiquid_Collector.dir/Drivers/STM32G0xx_HAL_Driver/Src/stm32g0xx_hal_rcc_ex.c.obj
LOAD CMakeFiles/MediLiquid_Collector.dir/Drivers/STM32G0xx_HAL_Driver/Src/stm32g0xx_ll_rcc.c.obj
LOAD CMakeFiles/MediLiquid_Collector.dir/Drivers/STM32G0xx_HAL_Driver/Src/stm32g0xx_hal_flash.c.obj
LOAD CMakeFiles/MediLiquid_Collector.dir/Drivers/STM32G0xx_HAL_Driver/Src/stm32g0xx_hal_flash_ex.c.obj
LOAD CMakeFiles/MediLiquid_Collector.dir/Drivers/STM32G0xx_HAL_Driver/Src/stm32g0xx_hal_gpio.c.obj
LOAD CMakeFiles/MediLiquid_Collector.dir/Drivers/STM32G0xx_HAL_Driver/Src/stm32g0xx_hal_dma.c.obj
LOAD CMakeFiles/MediLiquid_Collector.dir/Drivers/STM32G0xx_HAL_Driver/Src/stm32g0xx_hal_dma_ex.c.obj
LOAD CMakeFiles/MediLiquid_Collector.dir/Drivers/STM32G0xx_HAL_Driver/Src/stm32g0xx_ll_dma.c.obj
LOAD CMakeFiles/MediLiquid_Collector.dir/Drivers/STM32G0xx_HAL_Driver/Src/stm32g0xx_hal_pwr.c.obj
LOAD CMakeFiles/MediLiquid_Collector.dir/Drivers/STM32G0xx_HAL_Driver/Src/stm32g0xx_hal_pwr_ex.c.obj
LOAD CMakeFiles/MediLiquid_Collector.dir/Drivers/STM32G0xx_HAL_Driver/Src/stm32g0xx_hal_cortex.c.obj
LOAD CMakeFiles/MediLiquid_Collector.dir/Drivers/STM32G0xx_HAL_Driver/Src/stm32g0xx_hal.c.obj
LOAD CMakeFiles/MediLiquid_Collector.dir/Drivers/STM32G0xx_HAL_Driver/Src/stm32g0xx_hal_exti.c.obj
LOAD CMakeFiles/MediLiquid_Collector.dir/Drivers/STM32G0xx_HAL_Driver/Src/stm32g0xx_hal_i2c.c.obj
LOAD CMakeFiles/MediLiquid_Collector.dir/Drivers/STM32G0xx_HAL_Driver/Src/stm32g0xx_hal_i2c_ex.c.obj
LOAD CMakeFiles/MediLiquid_Collector.dir/Drivers/STM32G0xx_HAL_Driver/Src/stm32g0xx_hal_tim.c.obj
LOAD CMakeFiles/MediLiquid_Collector.dir/Drivers/STM32G0xx_HAL_Driver/Src/stm32g0xx_hal_tim_ex.c.obj
LOAD CMakeFiles/MediLiquid_Collector.dir/Drivers/STM32G0xx_HAL_Driver/Src/stm32g0xx_hal_uart.c.obj
LOAD CMakeFiles/MediLiquid_Collector.dir/Drivers/STM32G0xx_HAL_Driver/Src/stm32g0xx_hal_uart_ex.c.obj
LOAD CMakeFiles/MediLiquid_Collector.dir/Core/Src/system_stm32g0xx.c.obj
LOAD CMakeFiles/MediLiquid_Collector.dir/Core/Src/sysmem.c.obj
LOAD CMakeFiles/MediLiquid_Collector.dir/Core/Src/syscalls.c.obj
LOAD CMakeFiles/MediLiquid_Collector.dir/startup_stm32g070xx.s.obj
START GROUP
LOAD d:/software/stm32cube/gcc-arm-none-eabi-10.3-2021.10/bin/../lib/gcc/arm-none-eabi/10.3.1/thumb/v6-m/nofp\libgcc.a
LOAD d:/software/stm32cube/gcc-arm-none-eabi-10.3-2021.10/bin/../lib/gcc/arm-none-eabi/10.3.1/../../../../arm-none-eabi/lib/thumb/v6-m/nofp\libg_nano.a
LOAD d:/software/stm32cube/gcc-arm-none-eabi-10.3-2021.10/bin/../lib/gcc/arm-none-eabi/10.3.1/../../../../arm-none-eabi/lib/thumb/v6-m/nofp\libc_nano.a
END GROUP
START GROUP
LOAD d:/software/stm32cube/gcc-arm-none-eabi-10.3-2021.10/bin/../lib/gcc/arm-none-eabi/10.3.1/thumb/v6-m/nofp\libgcc.a
LOAD d:/software/stm32cube/gcc-arm-none-eabi-10.3-2021.10/bin/../lib/gcc/arm-none-eabi/10.3.1/../../../../arm-none-eabi/lib/thumb/v6-m/nofp\libc_nano.a
END GROUP
LOAD d:/software/stm32cube/gcc-arm-none-eabi-10.3-2021.10/bin/../lib/gcc/arm-none-eabi/10.3.1/thumb/v6-m/nofp/crtend.o
LOAD d:/software/stm32cube/gcc-arm-none-eabi-10.3-2021.10/bin/../lib/gcc/arm-none-eabi/10.3.1/thumb/v6-m/nofp/crtn.o
                0x20009000                _estack = (ORIGIN (RAM) + LENGTH (RAM))
                0x00000200                _Min_Heap_Size = 0x200
                0x00000400                _Min_Stack_Size = 0x400

.isr_vector     0x08000000       0xb8
                0x08000000                . = ALIGN (0x4)
 *(.isr_vector)
 .isr_vector    0x08000000       0xb8 CMakeFiles/MediLiquid_Collector.dir/startup_stm32g070xx.s.obj
                0x08000000                g_pfnVectors
                0x080000b8                . = ALIGN (0x4)

.text           0x080000b8     0x4df4
                0x080000b8                . = ALIGN (0x4)
 *(.text)
 .text          0x080000b8       0x48 d:/software/stm32cube/gcc-arm-none-eabi-10.3-2021.10/bin/../lib/gcc/arm-none-eabi/10.3.1/thumb/v6-m/nofp/crtbegin.o
 .text          0x08000100      0x114 d:/software/stm32cube/gcc-arm-none-eabi-10.3-2021.10/bin/../lib/gcc/arm-none-eabi/10.3.1/thumb/v6-m/nofp\libgcc.a(_udivsi3.o)
                0x08000100                __aeabi_uidiv
                0x08000100                __udivsi3
                0x0800020c                __aeabi_uidivmod
 .text          0x08000214      0x1d4 d:/software/stm32cube/gcc-arm-none-eabi-10.3-2021.10/bin/../lib/gcc/arm-none-eabi/10.3.1/thumb/v6-m/nofp\libgcc.a(_divsi3.o)
                0x08000214                __divsi3
                0x08000214                __aeabi_idiv
                0x080003e0                __aeabi_idivmod
 .text          0x080003e8        0x4 d:/software/stm32cube/gcc-arm-none-eabi-10.3-2021.10/bin/../lib/gcc/arm-none-eabi/10.3.1/thumb/v6-m/nofp\libgcc.a(_dvmd_tls.o)
                0x080003e8                __aeabi_idiv0
                0x080003e8                __aeabi_ldiv0
 *(.text*)
 .text.__libc_init_array
                0x080003ec       0x48 d:/software/stm32cube/gcc-arm-none-eabi-10.3-2021.10/bin/../lib/gcc/arm-none-eabi/10.3.1/../../../../arm-none-eabi/lib/thumb/v6-m/nofp\libc_nano.a(lib_a-init.o)
                0x080003ec                __libc_init_array
 .text.memset   0x08000434       0x10 d:/software/stm32cube/gcc-arm-none-eabi-10.3-2021.10/bin/../lib/gcc/arm-none-eabi/10.3.1/../../../../arm-none-eabi/lib/thumb/v6-m/nofp\libc_nano.a(lib_a-memset.o)
                0x08000434                memset
 .text.ring_buffer_put
                0x08000444       0x84 CMakeFiles/MediLiquid_Collector.dir/HardWare/Src/usart_free_dma.c.obj
                0x08000444                ring_buffer_put
 .text.ring_buffer_get
                0x080004c8       0x6c CMakeFiles/MediLiquid_Collector.dir/HardWare/Src/usart_free_dma.c.obj
                0x080004c8                ring_buffer_get
 .text.processData
                0x08000534      0x23c CMakeFiles/MediLiquid_Collector.dir/HardWare/Src/usart_free_dma.c.obj
                0x08000534                processData
 .text.main     0x08000770       0x78 CMakeFiles/MediLiquid_Collector.dir/Core/Src/main.c.obj
                0x08000770                main
 .text.SystemClock_Config
                0x080007e8       0xb4 CMakeFiles/MediLiquid_Collector.dir/Core/Src/main.c.obj
                0x080007e8                SystemClock_Config
 .text.Error_Handler
                0x0800089c        0xa CMakeFiles/MediLiquid_Collector.dir/Core/Src/main.c.obj
                0x0800089c                Error_Handler
 *fill*         0x080008a6        0x2 
 .text.MX_GPIO_Init
                0x080008a8      0x1fc CMakeFiles/MediLiquid_Collector.dir/Core/Src/gpio.c.obj
                0x080008a8                MX_GPIO_Init
 .text.MX_ADC1_Init
                0x08000aa4       0xd4 CMakeFiles/MediLiquid_Collector.dir/Core/Src/adc.c.obj
                0x08000aa4                MX_ADC1_Init
 .text.HAL_ADC_MspInit
                0x08000b78       0x88 CMakeFiles/MediLiquid_Collector.dir/Core/Src/adc.c.obj
                0x08000b78                HAL_ADC_MspInit
 .text.MX_DMA_Init
                0x08000c00       0x4c CMakeFiles/MediLiquid_Collector.dir/Core/Src/dma.c.obj
                0x08000c00                MX_DMA_Init
 .text.MX_I2C2_Init
                0x08000c4c       0x80 CMakeFiles/MediLiquid_Collector.dir/Core/Src/i2c.c.obj
                0x08000c4c                MX_I2C2_Init
 .text.HAL_I2C_MspInit
                0x08000ccc       0x98 CMakeFiles/MediLiquid_Collector.dir/Core/Src/i2c.c.obj
                0x08000ccc                HAL_I2C_MspInit
 .text.MX_USART1_UART_Init
                0x08000d64       0x9c CMakeFiles/MediLiquid_Collector.dir/Core/Src/usart.c.obj
                0x08000d64                MX_USART1_UART_Init
 .text.HAL_UART_MspInit
                0x08000e00      0x18c CMakeFiles/MediLiquid_Collector.dir/Core/Src/usart.c.obj
                0x08000e00                HAL_UART_MspInit
 .text.HAL_UARTEx_RxEventCallback
                0x08000f8c       0x48 CMakeFiles/MediLiquid_Collector.dir/Core/Src/usart.c.obj
                0x08000f8c                HAL_UARTEx_RxEventCallback
 .text.HAL_UART_ErrorCallback
                0x08000fd4       0x54 CMakeFiles/MediLiquid_Collector.dir/Core/Src/usart.c.obj
                0x08000fd4                HAL_UART_ErrorCallback
 .text.NMI_Handler
                0x08001028        0x6 CMakeFiles/MediLiquid_Collector.dir/Core/Src/stm32g0xx_it.c.obj
                0x08001028                NMI_Handler
 .text.HardFault_Handler
                0x0800102e        0x6 CMakeFiles/MediLiquid_Collector.dir/Core/Src/stm32g0xx_it.c.obj
                0x0800102e                HardFault_Handler
 .text.SVC_Handler
                0x08001034        0xa CMakeFiles/MediLiquid_Collector.dir/Core/Src/stm32g0xx_it.c.obj
                0x08001034                SVC_Handler
 .text.PendSV_Handler
                0x0800103e        0xa CMakeFiles/MediLiquid_Collector.dir/Core/Src/stm32g0xx_it.c.obj
                0x0800103e                PendSV_Handler
 .text.SysTick_Handler
                0x08001048        0xe CMakeFiles/MediLiquid_Collector.dir/Core/Src/stm32g0xx_it.c.obj
                0x08001048                SysTick_Handler
 *fill*         0x08001056        0x2 
 .text.DMA1_Channel1_IRQHandler
                0x08001058       0x18 CMakeFiles/MediLiquid_Collector.dir/Core/Src/stm32g0xx_it.c.obj
                0x08001058                DMA1_Channel1_IRQHandler
 .text.DMA1_Channel2_3_IRQHandler
                0x08001070       0x18 CMakeFiles/MediLiquid_Collector.dir/Core/Src/stm32g0xx_it.c.obj
                0x08001070                DMA1_Channel2_3_IRQHandler
 .text.USART1_IRQHandler
                0x08001088       0x18 CMakeFiles/MediLiquid_Collector.dir/Core/Src/stm32g0xx_it.c.obj
                0x08001088                USART1_IRQHandler
 .text.HAL_MspInit
                0x080010a0       0x50 CMakeFiles/MediLiquid_Collector.dir/Core/Src/stm32g0xx_hal_msp.c.obj
                0x080010a0                HAL_MspInit
 .text.LL_ADC_SetCommonPathInternalCh
                0x080010f0       0x28 CMakeFiles/MediLiquid_Collector.dir/Drivers/STM32G0xx_HAL_Driver/Src/stm32g0xx_hal_adc.c.obj
 .text.LL_ADC_GetCommonPathInternalCh
                0x08001118       0x1a CMakeFiles/MediLiquid_Collector.dir/Drivers/STM32G0xx_HAL_Driver/Src/stm32g0xx_hal_adc.c.obj
 .text.LL_ADC_SetSamplingTimeCommonChannels
                0x08001132       0x3a CMakeFiles/MediLiquid_Collector.dir/Drivers/STM32G0xx_HAL_Driver/Src/stm32g0xx_hal_adc.c.obj
 .text.LL_ADC_GetSamplingTimeCommonChannels
                0x0800116c       0x2e CMakeFiles/MediLiquid_Collector.dir/Drivers/STM32G0xx_HAL_Driver/Src/stm32g0xx_hal_adc.c.obj
 .text.LL_ADC_REG_SetSequencerRanks
                0x0800119a       0x40 CMakeFiles/MediLiquid_Collector.dir/Drivers/STM32G0xx_HAL_Driver/Src/stm32g0xx_hal_adc.c.obj
 .text.LL_ADC_REG_SetSequencerChAdd
                0x080011da       0x22 CMakeFiles/MediLiquid_Collector.dir/Drivers/STM32G0xx_HAL_Driver/Src/stm32g0xx_hal_adc.c.obj
 .text.LL_ADC_REG_SetSequencerChRem
                0x080011fc       0x24 CMakeFiles/MediLiquid_Collector.dir/Drivers/STM32G0xx_HAL_Driver/Src/stm32g0xx_hal_adc.c.obj
 .text.LL_ADC_SetChannelSamplingTime
                0x08001220       0x38 CMakeFiles/MediLiquid_Collector.dir/Drivers/STM32G0xx_HAL_Driver/Src/stm32g0xx_hal_adc.c.obj
 .text.LL_ADC_EnableInternalRegulator
                0x08001258       0x28 CMakeFiles/MediLiquid_Collector.dir/Drivers/STM32G0xx_HAL_Driver/Src/stm32g0xx_hal_adc.c.obj
 .text.LL_ADC_IsInternalRegulatorEnabled
                0x08001280       0x28 CMakeFiles/MediLiquid_Collector.dir/Drivers/STM32G0xx_HAL_Driver/Src/stm32g0xx_hal_adc.c.obj
 .text.LL_ADC_IsEnabled
                0x080012a8       0x22 CMakeFiles/MediLiquid_Collector.dir/Drivers/STM32G0xx_HAL_Driver/Src/stm32g0xx_hal_adc.c.obj
 .text.LL_ADC_REG_IsConversionOngoing
                0x080012ca       0x22 CMakeFiles/MediLiquid_Collector.dir/Drivers/STM32G0xx_HAL_Driver/Src/stm32g0xx_hal_adc.c.obj
 .text.HAL_ADC_Init
                0x080012ec      0x350 CMakeFiles/MediLiquid_Collector.dir/Drivers/STM32G0xx_HAL_Driver/Src/stm32g0xx_hal_adc.c.obj
                0x080012ec                HAL_ADC_Init
 .text.HAL_ADC_ConfigChannel
                0x0800163c      0x3b0 CMakeFiles/MediLiquid_Collector.dir/Drivers/STM32G0xx_HAL_Driver/Src/stm32g0xx_hal_adc.c.obj
                0x0800163c                HAL_ADC_ConfigChannel
 .text.LL_RCC_GetAPB1Prescaler
                0x080019ec       0x18 CMakeFiles/MediLiquid_Collector.dir/Drivers/STM32G0xx_HAL_Driver/Src/stm32g0xx_hal_rcc.c.obj
 .text.HAL_RCC_OscConfig
                0x08001a04      0x620 CMakeFiles/MediLiquid_Collector.dir/Drivers/STM32G0xx_HAL_Driver/Src/stm32g0xx_hal_rcc.c.obj
                0x08001a04                HAL_RCC_OscConfig
 .text.HAL_RCC_ClockConfig
                0x08002024      0x210 CMakeFiles/MediLiquid_Collector.dir/Drivers/STM32G0xx_HAL_Driver/Src/stm32g0xx_hal_rcc.c.obj
                0x08002024                HAL_RCC_ClockConfig
 .text.HAL_RCC_GetSysClockFreq
                0x08002234      0x100 CMakeFiles/MediLiquid_Collector.dir/Drivers/STM32G0xx_HAL_Driver/Src/stm32g0xx_hal_rcc.c.obj
                0x08002234                HAL_RCC_GetSysClockFreq
 .text.HAL_RCC_GetHCLKFreq
                0x08002334       0x14 CMakeFiles/MediLiquid_Collector.dir/Drivers/STM32G0xx_HAL_Driver/Src/stm32g0xx_hal_rcc.c.obj
                0x08002334                HAL_RCC_GetHCLKFreq
 .text.HAL_RCC_GetPCLK1Freq
                0x08002348       0x2c CMakeFiles/MediLiquid_Collector.dir/Drivers/STM32G0xx_HAL_Driver/Src/stm32g0xx_hal_rcc.c.obj
                0x08002348                HAL_RCC_GetPCLK1Freq
 .text.HAL_RCCEx_PeriphCLKConfig
                0x08002374      0x268 CMakeFiles/MediLiquid_Collector.dir/Drivers/STM32G0xx_HAL_Driver/Src/stm32g0xx_hal_rcc_ex.c.obj
                0x08002374                HAL_RCCEx_PeriphCLKConfig
 .text.HAL_GPIO_Init
                0x080025dc      0x2c8 CMakeFiles/MediLiquid_Collector.dir/Drivers/STM32G0xx_HAL_Driver/Src/stm32g0xx_hal_gpio.c.obj
                0x080025dc                HAL_GPIO_Init
 .text.HAL_GPIO_WritePin
                0x080028a4       0x3a CMakeFiles/MediLiquid_Collector.dir/Drivers/STM32G0xx_HAL_Driver/Src/stm32g0xx_hal_gpio.c.obj
                0x080028a4                HAL_GPIO_WritePin
 .text.HAL_GPIO_TogglePin
                0x080028de       0x36 CMakeFiles/MediLiquid_Collector.dir/Drivers/STM32G0xx_HAL_Driver/Src/stm32g0xx_hal_gpio.c.obj
                0x080028de                HAL_GPIO_TogglePin
 .text.HAL_DMA_Init
                0x08002914      0x114 CMakeFiles/MediLiquid_Collector.dir/Drivers/STM32G0xx_HAL_Driver/Src/stm32g0xx_hal_dma.c.obj
                0x08002914                HAL_DMA_Init
 .text.HAL_DMA_Start_IT
                0x08002a28      0x10c CMakeFiles/MediLiquid_Collector.dir/Drivers/STM32G0xx_HAL_Driver/Src/stm32g0xx_hal_dma.c.obj
                0x08002a28                HAL_DMA_Start_IT
 .text.HAL_DMA_Abort
                0x08002b34       0xc4 CMakeFiles/MediLiquid_Collector.dir/Drivers/STM32G0xx_HAL_Driver/Src/stm32g0xx_hal_dma.c.obj
                0x08002b34                HAL_DMA_Abort
 .text.HAL_DMA_Abort_IT
                0x08002bf8       0xd4 CMakeFiles/MediLiquid_Collector.dir/Drivers/STM32G0xx_HAL_Driver/Src/stm32g0xx_hal_dma.c.obj
                0x08002bf8                HAL_DMA_Abort_IT
 .text.HAL_DMA_IRQHandler
                0x08002ccc      0x164 CMakeFiles/MediLiquid_Collector.dir/Drivers/STM32G0xx_HAL_Driver/Src/stm32g0xx_hal_dma.c.obj
                0x08002ccc                HAL_DMA_IRQHandler
 .text.HAL_DMA_GetError
                0x08002e30       0x14 CMakeFiles/MediLiquid_Collector.dir/Drivers/STM32G0xx_HAL_Driver/Src/stm32g0xx_hal_dma.c.obj
                0x08002e30                HAL_DMA_GetError
 .text.DMA_SetConfig
                0x08002e44       0x80 CMakeFiles/MediLiquid_Collector.dir/Drivers/STM32G0xx_HAL_Driver/Src/stm32g0xx_hal_dma.c.obj
 .text.DMA_CalcDMAMUXChannelBaseAndMask
                0x08002ec4       0x58 CMakeFiles/MediLiquid_Collector.dir/Drivers/STM32G0xx_HAL_Driver/Src/stm32g0xx_hal_dma.c.obj
 .text.DMA_CalcDMAMUXRequestGenBaseAndMask
                0x08002f1c       0x48 CMakeFiles/MediLiquid_Collector.dir/Drivers/STM32G0xx_HAL_Driver/Src/stm32g0xx_hal_dma.c.obj
 .text.HAL_PWREx_ControlVoltageScaling
                0x08002f64       0x80 CMakeFiles/MediLiquid_Collector.dir/Drivers/STM32G0xx_HAL_Driver/Src/stm32g0xx_hal_pwr_ex.c.obj
                0x08002f64                HAL_PWREx_ControlVoltageScaling
 .text.__NVIC_EnableIRQ
                0x08002fe4       0x34 CMakeFiles/MediLiquid_Collector.dir/Drivers/STM32G0xx_HAL_Driver/Src/stm32g0xx_hal_cortex.c.obj
 .text.__NVIC_SetPriority
                0x08003018       0xdc CMakeFiles/MediLiquid_Collector.dir/Drivers/STM32G0xx_HAL_Driver/Src/stm32g0xx_hal_cortex.c.obj
 .text.SysTick_Config
                0x080030f4       0x48 CMakeFiles/MediLiquid_Collector.dir/Drivers/STM32G0xx_HAL_Driver/Src/stm32g0xx_hal_cortex.c.obj
 .text.HAL_NVIC_SetPriority
                0x0800313c       0x2a CMakeFiles/MediLiquid_Collector.dir/Drivers/STM32G0xx_HAL_Driver/Src/stm32g0xx_hal_cortex.c.obj
                0x0800313c                HAL_NVIC_SetPriority
 .text.HAL_NVIC_EnableIRQ
                0x08003166       0x20 CMakeFiles/MediLiquid_Collector.dir/Drivers/STM32G0xx_HAL_Driver/Src/stm32g0xx_hal_cortex.c.obj
                0x08003166                HAL_NVIC_EnableIRQ
 .text.HAL_SYSTICK_Config
                0x08003186       0x1a CMakeFiles/MediLiquid_Collector.dir/Drivers/STM32G0xx_HAL_Driver/Src/stm32g0xx_hal_cortex.c.obj
                0x08003186                HAL_SYSTICK_Config
 .text.HAL_Init
                0x080031a0       0x40 CMakeFiles/MediLiquid_Collector.dir/Drivers/STM32G0xx_HAL_Driver/Src/stm32g0xx_hal.c.obj
                0x080031a0                HAL_Init
 .text.HAL_InitTick
                0x080031e0       0x94 CMakeFiles/MediLiquid_Collector.dir/Drivers/STM32G0xx_HAL_Driver/Src/stm32g0xx_hal.c.obj
                0x080031e0                HAL_InitTick
 .text.HAL_IncTick
                0x08003274       0x24 CMakeFiles/MediLiquid_Collector.dir/Drivers/STM32G0xx_HAL_Driver/Src/stm32g0xx_hal.c.obj
                0x08003274                HAL_IncTick
 .text.HAL_GetTick
                0x08003298       0x14 CMakeFiles/MediLiquid_Collector.dir/Drivers/STM32G0xx_HAL_Driver/Src/stm32g0xx_hal.c.obj
                0x08003298                HAL_GetTick
 .text.HAL_Delay
                0x080032ac       0x48 CMakeFiles/MediLiquid_Collector.dir/Drivers/STM32G0xx_HAL_Driver/Src/stm32g0xx_hal.c.obj
                0x080032ac                HAL_Delay
 .text.HAL_SYSCFG_StrobeDBattpinsConfig
                0x080032f4       0x2c CMakeFiles/MediLiquid_Collector.dir/Drivers/STM32G0xx_HAL_Driver/Src/stm32g0xx_hal.c.obj
                0x080032f4                HAL_SYSCFG_StrobeDBattpinsConfig
 .text.HAL_I2C_Init
                0x08003320      0x14c CMakeFiles/MediLiquid_Collector.dir/Drivers/STM32G0xx_HAL_Driver/Src/stm32g0xx_hal_i2c.c.obj
                0x08003320                HAL_I2C_Init
 .text.HAL_I2CEx_ConfigAnalogFilter
                0x0800346c       0x98 CMakeFiles/MediLiquid_Collector.dir/Drivers/STM32G0xx_HAL_Driver/Src/stm32g0xx_hal_i2c_ex.c.obj
                0x0800346c                HAL_I2CEx_ConfigAnalogFilter
 .text.HAL_I2CEx_ConfigDigitalFilter
                0x08003504       0x98 CMakeFiles/MediLiquid_Collector.dir/Drivers/STM32G0xx_HAL_Driver/Src/stm32g0xx_hal_i2c_ex.c.obj
                0x08003504                HAL_I2CEx_ConfigDigitalFilter
 .text.HAL_UART_Init
                0x0800359c       0xac CMakeFiles/MediLiquid_Collector.dir/Drivers/STM32G0xx_HAL_Driver/Src/stm32g0xx_hal_uart.c.obj
                0x0800359c                HAL_UART_Init
 .text.HAL_UART_Abort
                0x08003648      0x218 CMakeFiles/MediLiquid_Collector.dir/Drivers/STM32G0xx_HAL_Driver/Src/stm32g0xx_hal_uart.c.obj
                0x08003648                HAL_UART_Abort
 .text.HAL_UART_IRQHandler
                0x08003860      0x64c CMakeFiles/MediLiquid_Collector.dir/Drivers/STM32G0xx_HAL_Driver/Src/stm32g0xx_hal_uart.c.obj
                0x08003860                HAL_UART_IRQHandler
 .text.HAL_UART_TxCpltCallback
                0x08003eac       0x10 CMakeFiles/MediLiquid_Collector.dir/Drivers/STM32G0xx_HAL_Driver/Src/stm32g0xx_hal_uart.c.obj
                0x08003eac                HAL_UART_TxCpltCallback
 .text.HAL_UART_RxCpltCallback
                0x08003ebc       0x10 CMakeFiles/MediLiquid_Collector.dir/Drivers/STM32G0xx_HAL_Driver/Src/stm32g0xx_hal_uart.c.obj
                0x08003ebc                HAL_UART_RxCpltCallback
 .text.HAL_UART_RxHalfCpltCallback
                0x08003ecc       0x10 CMakeFiles/MediLiquid_Collector.dir/Drivers/STM32G0xx_HAL_Driver/Src/stm32g0xx_hal_uart.c.obj
                0x08003ecc                HAL_UART_RxHalfCpltCallback
 .text.HAL_UART_GetError
                0x08003edc       0x16 CMakeFiles/MediLiquid_Collector.dir/Drivers/STM32G0xx_HAL_Driver/Src/stm32g0xx_hal_uart.c.obj
                0x08003edc                HAL_UART_GetError
 *fill*         0x08003ef2        0x2 
 .text.UART_SetConfig
                0x08003ef4      0x348 CMakeFiles/MediLiquid_Collector.dir/Drivers/STM32G0xx_HAL_Driver/Src/stm32g0xx_hal_uart.c.obj
                0x08003ef4                UART_SetConfig
 .text.UART_AdvFeatureConfig
                0x0800423c      0x168 CMakeFiles/MediLiquid_Collector.dir/Drivers/STM32G0xx_HAL_Driver/Src/stm32g0xx_hal_uart.c.obj
                0x0800423c                UART_AdvFeatureConfig
 .text.UART_CheckIdleState
                0x080043a4      0x154 CMakeFiles/MediLiquid_Collector.dir/Drivers/STM32G0xx_HAL_Driver/Src/stm32g0xx_hal_uart.c.obj
                0x080043a4                UART_CheckIdleState
 .text.UART_WaitOnFlagUntilTimeout
                0x080044f8       0xde CMakeFiles/MediLiquid_Collector.dir/Drivers/STM32G0xx_HAL_Driver/Src/stm32g0xx_hal_uart.c.obj
                0x080044f8                UART_WaitOnFlagUntilTimeout
 *fill*         0x080045d6        0x2 
 .text.UART_Start_Receive_DMA
                0x080045d8      0x14c CMakeFiles/MediLiquid_Collector.dir/Drivers/STM32G0xx_HAL_Driver/Src/stm32g0xx_hal_uart.c.obj
                0x080045d8                UART_Start_Receive_DMA
 .text.UART_EndTxTransfer
                0x08004724       0x80 CMakeFiles/MediLiquid_Collector.dir/Drivers/STM32G0xx_HAL_Driver/Src/stm32g0xx_hal_uart.c.obj
 .text.UART_EndRxTransfer
                0x080047a4       0xcc CMakeFiles/MediLiquid_Collector.dir/Drivers/STM32G0xx_HAL_Driver/Src/stm32g0xx_hal_uart.c.obj
 .text.UART_DMAReceiveCplt
                0x08004870      0x130 CMakeFiles/MediLiquid_Collector.dir/Drivers/STM32G0xx_HAL_Driver/Src/stm32g0xx_hal_uart.c.obj
 .text.UART_DMARxHalfCplt
                0x080049a0       0x42 CMakeFiles/MediLiquid_Collector.dir/Drivers/STM32G0xx_HAL_Driver/Src/stm32g0xx_hal_uart.c.obj
 .text.UART_DMAError
                0x080049e2       0x86 CMakeFiles/MediLiquid_Collector.dir/Drivers/STM32G0xx_HAL_Driver/Src/stm32g0xx_hal_uart.c.obj
 .text.UART_DMAAbortOnError
                0x08004a68       0x2e CMakeFiles/MediLiquid_Collector.dir/Drivers/STM32G0xx_HAL_Driver/Src/stm32g0xx_hal_uart.c.obj
 .text.UART_EndTransmit_IT
                0x08004a96       0x58 CMakeFiles/MediLiquid_Collector.dir/Drivers/STM32G0xx_HAL_Driver/Src/stm32g0xx_hal_uart.c.obj
 .text.HAL_UARTEx_WakeupCallback
                0x08004aee       0x10 CMakeFiles/MediLiquid_Collector.dir/Drivers/STM32G0xx_HAL_Driver/Src/stm32g0xx_hal_uart_ex.c.obj
                0x08004aee                HAL_UARTEx_WakeupCallback
 .text.HAL_UARTEx_RxFifoFullCallback
                0x08004afe       0x10 CMakeFiles/MediLiquid_Collector.dir/Drivers/STM32G0xx_HAL_Driver/Src/stm32g0xx_hal_uart_ex.c.obj
                0x08004afe                HAL_UARTEx_RxFifoFullCallback
 .text.HAL_UARTEx_TxFifoEmptyCallback
                0x08004b0e       0x10 CMakeFiles/MediLiquid_Collector.dir/Drivers/STM32G0xx_HAL_Driver/Src/stm32g0xx_hal_uart_ex.c.obj
                0x08004b0e                HAL_UARTEx_TxFifoEmptyCallback
 *fill*         0x08004b1e        0x2 
 .text.HAL_UARTEx_DisableFifoMode
                0x08004b20       0x74 CMakeFiles/MediLiquid_Collector.dir/Drivers/STM32G0xx_HAL_Driver/Src/stm32g0xx_hal_uart_ex.c.obj
                0x08004b20                HAL_UARTEx_DisableFifoMode
 .text.HAL_UARTEx_SetTxFifoThreshold
                0x08004b94       0x7e CMakeFiles/MediLiquid_Collector.dir/Drivers/STM32G0xx_HAL_Driver/Src/stm32g0xx_hal_uart_ex.c.obj
                0x08004b94                HAL_UARTEx_SetTxFifoThreshold
 *fill*         0x08004c12        0x2 
 .text.HAL_UARTEx_SetRxFifoThreshold
                0x08004c14       0x84 CMakeFiles/MediLiquid_Collector.dir/Drivers/STM32G0xx_HAL_Driver/Src/stm32g0xx_hal_uart_ex.c.obj
                0x08004c14                HAL_UARTEx_SetRxFifoThreshold
 .text.HAL_UARTEx_ReceiveToIdle_DMA
                0x08004c98       0xd0 CMakeFiles/MediLiquid_Collector.dir/Drivers/STM32G0xx_HAL_Driver/Src/stm32g0xx_hal_uart_ex.c.obj
                0x08004c98                HAL_UARTEx_ReceiveToIdle_DMA
 .text.UARTEx_SetNbDataToProcess
                0x08004d68       0xbc CMakeFiles/MediLiquid_Collector.dir/Drivers/STM32G0xx_HAL_Driver/Src/stm32g0xx_hal_uart_ex.c.obj
 .text.SystemInit
                0x08004e24        0xa CMakeFiles/MediLiquid_Collector.dir/Core/Src/system_stm32g0xx.c.obj
                0x08004e24                SystemInit
 *fill*         0x08004e2e        0x2 
 .text.Reset_Handler
                0x08004e30       0x50 CMakeFiles/MediLiquid_Collector.dir/startup_stm32g070xx.s.obj
                0x08004e30                Reset_Handler
 .text.Default_Handler
                0x08004e80        0x2 CMakeFiles/MediLiquid_Collector.dir/startup_stm32g070xx.s.obj
                0x08004e80                TIM1_CC_IRQHandler
                0x08004e80                TIM6_IRQHandler
                0x08004e80                I2C1_IRQHandler
                0x08004e80                RTC_TAMP_IRQHandler
                0x08004e80                SPI1_IRQHandler
                0x08004e80                USART3_4_IRQHandler
                0x08004e80                EXTI2_3_IRQHandler
                0x08004e80                ADC1_IRQHandler
                0x08004e80                I2C2_IRQHandler
                0x08004e80                TIM17_IRQHandler
                0x08004e80                TIM16_IRQHandler
                0x08004e80                TIM3_IRQHandler
                0x08004e80                EXTI4_15_IRQHandler
                0x08004e80                RCC_IRQHandler
                0x08004e80                Default_Handler
                0x08004e80                TIM14_IRQHandler
                0x08004e80                TIM7_IRQHandler
                0x08004e80                TIM15_IRQHandler
                0x08004e80                EXTI0_1_IRQHandler
                0x08004e80                SPI2_IRQHandler
                0x08004e80                WWDG_IRQHandler
                0x08004e80                DMA1_Ch4_7_DMAMUX1_OVR_IRQHandler
                0x08004e80                USART2_IRQHandler
                0x08004e80                FLASH_IRQHandler
                0x08004e80                TIM1_BRK_UP_TRG_COM_IRQHandler
 .text.memcpy   0x08004e82       0x12 d:/software/stm32cube/gcc-arm-none-eabi-10.3-2021.10/bin/../lib/gcc/arm-none-eabi/10.3.1/../../../../arm-none-eabi/lib/thumb/v6-m/nofp\libg_nano.a(lib_a-memcpy-stub.o)
                0x08004e82                memcpy
 *(.glue_7)
 .glue_7        0x08004e94        0x0 linker stubs
 *(.glue_7t)
 .glue_7t       0x08004e94        0x0 linker stubs
 *(.eh_frame)
 .eh_frame      0x08004e94        0x0 d:/software/stm32cube/gcc-arm-none-eabi-10.3-2021.10/bin/../lib/gcc/arm-none-eabi/10.3.1/thumb/v6-m/nofp/crtbegin.o
 *(.init)
 .init          0x08004e94        0x4 d:/software/stm32cube/gcc-arm-none-eabi-10.3-2021.10/bin/../lib/gcc/arm-none-eabi/10.3.1/thumb/v6-m/nofp/crti.o
                0x08004e94                _init
 .init          0x08004e98        0x8 d:/software/stm32cube/gcc-arm-none-eabi-10.3-2021.10/bin/../lib/gcc/arm-none-eabi/10.3.1/thumb/v6-m/nofp/crtn.o
 *(.fini)
 .fini          0x08004ea0        0x4 d:/software/stm32cube/gcc-arm-none-eabi-10.3-2021.10/bin/../lib/gcc/arm-none-eabi/10.3.1/thumb/v6-m/nofp/crti.o
                0x08004ea0                _fini
 .fini          0x08004ea4        0x8 d:/software/stm32cube/gcc-arm-none-eabi-10.3-2021.10/bin/../lib/gcc/arm-none-eabi/10.3.1/thumb/v6-m/nofp/crtn.o
                0x08004eac                . = ALIGN (0x4)
                0x08004eac                _etext = .

.vfp11_veneer   0x08004eac        0x0
 .vfp11_veneer  0x08004eac        0x0 linker stubs

.v4_bx          0x08004eac        0x0
 .v4_bx         0x08004eac        0x0 linker stubs

.iplt           0x08004eac        0x0
 .iplt          0x08004eac        0x0 d:/software/stm32cube/gcc-arm-none-eabi-10.3-2021.10/bin/../lib/gcc/arm-none-eabi/10.3.1/thumb/v6-m/nofp/crtbegin.o

.rodata         0x08004eac       0x88
                0x08004eac                . = ALIGN (0x4)
 *(.rodata)
 *(.rodata*)
 .rodata.UARTPrescTable
                0x08004eac       0x18 CMakeFiles/MediLiquid_Collector.dir/Drivers/STM32G0xx_HAL_Driver/Src/stm32g0xx_hal_uart.c.obj
                0x08004eac                UARTPrescTable
 .rodata.numerator.1
                0x08004ec4        0x8 CMakeFiles/MediLiquid_Collector.dir/Drivers/STM32G0xx_HAL_Driver/Src/stm32g0xx_hal_uart_ex.c.obj
 .rodata.denominator.0
                0x08004ecc        0x8 CMakeFiles/MediLiquid_Collector.dir/Drivers/STM32G0xx_HAL_Driver/Src/stm32g0xx_hal_uart_ex.c.obj
 .rodata.AHBPrescTable
                0x08004ed4       0x40 CMakeFiles/MediLiquid_Collector.dir/Core/Src/system_stm32g0xx.c.obj
                0x08004ed4                AHBPrescTable
 .rodata.APBPrescTable
                0x08004f14       0x20 CMakeFiles/MediLiquid_Collector.dir/Core/Src/system_stm32g0xx.c.obj
                0x08004f14                APBPrescTable
                0x08004f34                . = ALIGN (0x4)

.rel.dyn        0x08004f34        0x0
 .rel.iplt      0x08004f34        0x0 d:/software/stm32cube/gcc-arm-none-eabi-10.3-2021.10/bin/../lib/gcc/arm-none-eabi/10.3.1/thumb/v6-m/nofp/crtbegin.o

.ARM.extab
 *(.ARM.extab* .gnu.linkonce.armextab.*)

.ARM            0x08004f34        0x0
                0x08004f34                __exidx_start = .
 *(.ARM.exidx*)
                0x08004f34                __exidx_end = .

.preinit_array  0x08004f34        0x0
                0x08004f34                PROVIDE (__preinit_array_start = .)
 *(.preinit_array*)
                0x08004f34                PROVIDE (__preinit_array_end = .)

.init_array     0x08004f34        0x4
                0x08004f34                PROVIDE (__init_array_start = .)
 *(SORT_BY_NAME(.init_array.*))
 *(.init_array*)
 .init_array    0x08004f34        0x4 d:/software/stm32cube/gcc-arm-none-eabi-10.3-2021.10/bin/../lib/gcc/arm-none-eabi/10.3.1/thumb/v6-m/nofp/crtbegin.o
                0x08004f38                PROVIDE (__init_array_end = .)

.fini_array     0x08004f38        0x4
                [!provide]                PROVIDE (__fini_array_start = .)
 *(SORT_BY_NAME(.fini_array.*))
 *(.fini_array*)
 .fini_array    0x08004f38        0x4 d:/software/stm32cube/gcc-arm-none-eabi-10.3-2021.10/bin/../lib/gcc/arm-none-eabi/10.3.1/thumb/v6-m/nofp/crtbegin.o
                [!provide]                PROVIDE (__fini_array_end = .)
                0x08004f3c                _sidata = LOADADDR (.data)

.data           0x20000000      0x410 load address 0x08004f3c
                0x20000000                . = ALIGN (0x4)
                0x20000000                _sdata = .
 *(.data)
 *(.data*)
 .data.uart_rx_ring_buffer
                0x20000000      0x402 CMakeFiles/MediLiquid_Collector.dir/Core/Src/main.c.obj
                0x20000000                uart_rx_ring_buffer
 *fill*         0x20000402        0x2 
 .data.uwTickPrio
                0x20000404        0x4 CMakeFiles/MediLiquid_Collector.dir/Drivers/STM32G0xx_HAL_Driver/Src/stm32g0xx_hal.c.obj
                0x20000404                uwTickPrio
 .data.uwTickFreq
                0x20000408        0x1 CMakeFiles/MediLiquid_Collector.dir/Drivers/STM32G0xx_HAL_Driver/Src/stm32g0xx_hal.c.obj
                0x20000408                uwTickFreq
 *fill*         0x20000409        0x3 
 .data.SystemCoreClock
                0x2000040c        0x4 CMakeFiles/MediLiquid_Collector.dir/Core/Src/system_stm32g0xx.c.obj
                0x2000040c                SystemCoreClock
                0x20000410                . = ALIGN (0x4)
                0x20000410                _edata = .

.igot.plt       0x20000410        0x0 load address 0x0800534c
 .igot.plt      0x20000410        0x0 d:/software/stm32cube/gcc-arm-none-eabi-10.3-2021.10/bin/../lib/gcc/arm-none-eabi/10.3.1/thumb/v6-m/nofp/crtbegin.o
                0x20000410                . = ALIGN (0x4)

.bss            0x20000410      0x2f4 load address 0x0800534c
                0x20000410                _sbss = .
                0x20000410                __bss_start__ = _sbss
 *(.bss)
 .bss           0x20000410       0x1c d:/software/stm32cube/gcc-arm-none-eabi-10.3-2021.10/bin/../lib/gcc/arm-none-eabi/10.3.1/thumb/v6-m/nofp/crtbegin.o
 *(.bss*)
 .bss.uart_RX_data
                0x2000042c       0x66 CMakeFiles/MediLiquid_Collector.dir/Core/Src/main.c.obj
                0x2000042c                uart_RX_data
 *fill*         0x20000492        0x2 
 .bss.received_data
                0x20000494       0x66 CMakeFiles/MediLiquid_Collector.dir/Core/Src/main.c.obj
                0x20000494                received_data
 *fill*         0x200004fa        0x2 
 .bss.hadc1     0x200004fc       0x64 CMakeFiles/MediLiquid_Collector.dir/Core/Src/adc.c.obj
                0x200004fc                hadc1
 .bss.hi2c2     0x20000560       0x54 CMakeFiles/MediLiquid_Collector.dir/Core/Src/i2c.c.obj
                0x20000560                hi2c2
 .bss.huart1    0x200005b4       0x94 CMakeFiles/MediLiquid_Collector.dir/Core/Src/usart.c.obj
                0x200005b4                huart1
 .bss.hdma_usart1_rx
                0x20000648       0x5c CMakeFiles/MediLiquid_Collector.dir/Core/Src/usart.c.obj
                0x20000648                hdma_usart1_rx
 .bss.hdma_usart1_tx
                0x200006a4       0x5c CMakeFiles/MediLiquid_Collector.dir/Core/Src/usart.c.obj
                0x200006a4                hdma_usart1_tx
 .bss.uwTick    0x20000700        0x4 CMakeFiles/MediLiquid_Collector.dir/Drivers/STM32G0xx_HAL_Driver/Src/stm32g0xx_hal.c.obj
                0x20000700                uwTick
 *(COMMON)
                0x20000704                . = ALIGN (0x4)
                0x20000704                _ebss = .
                0x20000704                __bss_end__ = _ebss

._user_heap_stack
                0x20000704      0x604 load address 0x0800534c
                0x20000708                . = ALIGN (0x8)
 *fill*         0x20000704        0x4 
                [!provide]                PROVIDE (end = .)
                0x20000708                PROVIDE (_end = .)
                0x20000908                . = (. + _Min_Heap_Size)
 *fill*         0x20000708      0x200 
                0x20000d08                . = (. + _Min_Stack_Size)
 *fill*         0x20000908      0x400 
                0x20000d08                . = ALIGN (0x8)

/DISCARD/
 libc.a(*)
 libm.a(*)
 libgcc.a(*)

.ARM.attributes
                0x00000000       0x28
 *(.ARM.attributes)
 .ARM.attributes
                0x00000000       0x1e d:/software/stm32cube/gcc-arm-none-eabi-10.3-2021.10/bin/../lib/gcc/arm-none-eabi/10.3.1/thumb/v6-m/nofp/crti.o
 .ARM.attributes
                0x0000001e       0x2c d:/software/stm32cube/gcc-arm-none-eabi-10.3-2021.10/bin/../lib/gcc/arm-none-eabi/10.3.1/thumb/v6-m/nofp/crtbegin.o
 .ARM.attributes
                0x0000004a       0x2c d:/software/stm32cube/gcc-arm-none-eabi-10.3-2021.10/bin/../lib/gcc/arm-none-eabi/10.3.1/../../../../arm-none-eabi/lib/thumb/v6-m/nofp\libc_nano.a(lib_a-init.o)
 .ARM.attributes
                0x00000076       0x2c d:/software/stm32cube/gcc-arm-none-eabi-10.3-2021.10/bin/../lib/gcc/arm-none-eabi/10.3.1/../../../../arm-none-eabi/lib/thumb/v6-m/nofp\libc_nano.a(lib_a-memset.o)
 .ARM.attributes
                0x000000a2       0x2c CMakeFiles/MediLiquid_Collector.dir/HardWare/Src/usart_free_dma.c.obj
 .ARM.attributes
                0x000000ce       0x2c CMakeFiles/MediLiquid_Collector.dir/Core/Src/main.c.obj
 .ARM.attributes
                0x000000fa       0x2c CMakeFiles/MediLiquid_Collector.dir/Core/Src/gpio.c.obj
 .ARM.attributes
                0x00000126       0x2c CMakeFiles/MediLiquid_Collector.dir/Core/Src/adc.c.obj
 .ARM.attributes
                0x00000152       0x2c CMakeFiles/MediLiquid_Collector.dir/Core/Src/dma.c.obj
 .ARM.attributes
                0x0000017e       0x2c CMakeFiles/MediLiquid_Collector.dir/Core/Src/i2c.c.obj
 .ARM.attributes
                0x000001aa       0x2c CMakeFiles/MediLiquid_Collector.dir/Core/Src/usart.c.obj
 .ARM.attributes
                0x000001d6       0x2c CMakeFiles/MediLiquid_Collector.dir/Core/Src/stm32g0xx_it.c.obj
 .ARM.attributes
                0x00000202       0x2c CMakeFiles/MediLiquid_Collector.dir/Core/Src/stm32g0xx_hal_msp.c.obj
 .ARM.attributes
                0x0000022e       0x2c CMakeFiles/MediLiquid_Collector.dir/Drivers/STM32G0xx_HAL_Driver/Src/stm32g0xx_hal_adc.c.obj
 .ARM.attributes
                0x0000025a       0x2c CMakeFiles/MediLiquid_Collector.dir/Drivers/STM32G0xx_HAL_Driver/Src/stm32g0xx_hal_rcc.c.obj
 .ARM.attributes
                0x00000286       0x2c CMakeFiles/MediLiquid_Collector.dir/Drivers/STM32G0xx_HAL_Driver/Src/stm32g0xx_hal_rcc_ex.c.obj
 .ARM.attributes
                0x000002b2       0x2c CMakeFiles/MediLiquid_Collector.dir/Drivers/STM32G0xx_HAL_Driver/Src/stm32g0xx_hal_gpio.c.obj
 .ARM.attributes
                0x000002de       0x2c CMakeFiles/MediLiquid_Collector.dir/Drivers/STM32G0xx_HAL_Driver/Src/stm32g0xx_hal_dma.c.obj
 .ARM.attributes
                0x0000030a       0x2c CMakeFiles/MediLiquid_Collector.dir/Drivers/STM32G0xx_HAL_Driver/Src/stm32g0xx_hal_pwr_ex.c.obj
 .ARM.attributes
                0x00000336       0x2c CMakeFiles/MediLiquid_Collector.dir/Drivers/STM32G0xx_HAL_Driver/Src/stm32g0xx_hal_cortex.c.obj
 .ARM.attributes
                0x00000362       0x2c CMakeFiles/MediLiquid_Collector.dir/Drivers/STM32G0xx_HAL_Driver/Src/stm32g0xx_hal.c.obj
 .ARM.attributes
                0x0000038e       0x2c CMakeFiles/MediLiquid_Collector.dir/Drivers/STM32G0xx_HAL_Driver/Src/stm32g0xx_hal_i2c.c.obj
 .ARM.attributes
                0x000003ba       0x2c CMakeFiles/MediLiquid_Collector.dir/Drivers/STM32G0xx_HAL_Driver/Src/stm32g0xx_hal_i2c_ex.c.obj
 .ARM.attributes
                0x000003e6       0x2c CMakeFiles/MediLiquid_Collector.dir/Drivers/STM32G0xx_HAL_Driver/Src/stm32g0xx_hal_uart.c.obj
 .ARM.attributes
                0x00000412       0x2c CMakeFiles/MediLiquid_Collector.dir/Drivers/STM32G0xx_HAL_Driver/Src/stm32g0xx_hal_uart_ex.c.obj
 .ARM.attributes
                0x0000043e       0x2c CMakeFiles/MediLiquid_Collector.dir/Core/Src/system_stm32g0xx.c.obj
 .ARM.attributes
                0x0000046a       0x22 CMakeFiles/MediLiquid_Collector.dir/startup_stm32g070xx.s.obj
 .ARM.attributes
                0x0000048c       0x1e d:/software/stm32cube/gcc-arm-none-eabi-10.3-2021.10/bin/../lib/gcc/arm-none-eabi/10.3.1/thumb/v6-m/nofp\libgcc.a(_udivsi3.o)
 .ARM.attributes
                0x000004aa       0x1e d:/software/stm32cube/gcc-arm-none-eabi-10.3-2021.10/bin/../lib/gcc/arm-none-eabi/10.3.1/thumb/v6-m/nofp\libgcc.a(_divsi3.o)
 .ARM.attributes
                0x000004c8       0x1e d:/software/stm32cube/gcc-arm-none-eabi-10.3-2021.10/bin/../lib/gcc/arm-none-eabi/10.3.1/thumb/v6-m/nofp\libgcc.a(_dvmd_tls.o)
 .ARM.attributes
                0x000004e6       0x2c d:/software/stm32cube/gcc-arm-none-eabi-10.3-2021.10/bin/../lib/gcc/arm-none-eabi/10.3.1/../../../../arm-none-eabi/lib/thumb/v6-m/nofp\libg_nano.a(lib_a-memcpy-stub.o)
 .ARM.attributes
                0x00000512       0x1e d:/software/stm32cube/gcc-arm-none-eabi-10.3-2021.10/bin/../lib/gcc/arm-none-eabi/10.3.1/thumb/v6-m/nofp/crtn.o
OUTPUT(MediLiquid_Collector.elf elf32-littlearm)
LOAD linker stubs
LOAD d:/software/stm32cube/gcc-arm-none-eabi-10.3-2021.10/bin/../lib/gcc/arm-none-eabi/10.3.1/../../../../arm-none-eabi/lib/thumb/v6-m/nofp\libc.a
LOAD d:/software/stm32cube/gcc-arm-none-eabi-10.3-2021.10/bin/../lib/gcc/arm-none-eabi/10.3.1/../../../../arm-none-eabi/lib/thumb/v6-m/nofp\libm.a
LOAD d:/software/stm32cube/gcc-arm-none-eabi-10.3-2021.10/bin/../lib/gcc/arm-none-eabi/10.3.1/thumb/v6-m/nofp\libgcc.a

.debug_frame    0x00000000     0x3124
 .debug_frame   0x00000000       0x2c d:/software/stm32cube/gcc-arm-none-eabi-10.3-2021.10/bin/../lib/gcc/arm-none-eabi/10.3.1/../../../../arm-none-eabi/lib/thumb/v6-m/nofp\libc_nano.a(lib_a-init.o)
 .debug_frame   0x0000002c       0x20 d:/software/stm32cube/gcc-arm-none-eabi-10.3-2021.10/bin/../lib/gcc/arm-none-eabi/10.3.1/../../../../arm-none-eabi/lib/thumb/v6-m/nofp\libc_nano.a(lib_a-memset.o)
 .debug_frame   0x0000004c       0x70 CMakeFiles/MediLiquid_Collector.dir/HardWare/Src/usart_free_dma.c.obj
 .debug_frame   0x000000bc       0x68 CMakeFiles/MediLiquid_Collector.dir/Core/Src/main.c.obj
 .debug_frame   0x00000124       0x30 CMakeFiles/MediLiquid_Collector.dir/Core/Src/gpio.c.obj
 .debug_frame   0x00000154       0x70 CMakeFiles/MediLiquid_Collector.dir/Core/Src/adc.c.obj
 .debug_frame   0x000001c4       0x30 CMakeFiles/MediLiquid_Collector.dir/Core/Src/dma.c.obj
 .debug_frame   0x000001f4       0x6c CMakeFiles/MediLiquid_Collector.dir/Core/Src/i2c.c.obj
 .debug_frame   0x00000260       0xac CMakeFiles/MediLiquid_Collector.dir/Core/Src/usart.c.obj
 .debug_frame   0x0000030c       0xf0 CMakeFiles/MediLiquid_Collector.dir/Core/Src/stm32g0xx_it.c.obj
 .debug_frame   0x000003fc       0x30 CMakeFiles/MediLiquid_Collector.dir/Core/Src/stm32g0xx_hal_msp.c.obj
 .debug_frame   0x0000042c      0x78c CMakeFiles/MediLiquid_Collector.dir/Drivers/STM32G0xx_HAL_Driver/Src/stm32g0xx_hal_adc.c.obj
 .debug_frame   0x00000bb8      0x214 CMakeFiles/MediLiquid_Collector.dir/Drivers/STM32G0xx_HAL_Driver/Src/stm32g0xx_hal_rcc.c.obj
 .debug_frame   0x00000dcc       0xb0 CMakeFiles/MediLiquid_Collector.dir/Drivers/STM32G0xx_HAL_Driver/Src/stm32g0xx_hal_rcc_ex.c.obj
 .debug_frame   0x00000e7c      0x130 CMakeFiles/MediLiquid_Collector.dir/Drivers/STM32G0xx_HAL_Driver/Src/stm32g0xx_hal_gpio.c.obj
 .debug_frame   0x00000fac      0x1f0 CMakeFiles/MediLiquid_Collector.dir/Drivers/STM32G0xx_HAL_Driver/Src/stm32g0xx_hal_dma.c.obj
 .debug_frame   0x0000119c      0x1f4 CMakeFiles/MediLiquid_Collector.dir/Drivers/STM32G0xx_HAL_Driver/Src/stm32g0xx_hal_pwr_ex.c.obj
 .debug_frame   0x00001390      0x33c CMakeFiles/MediLiquid_Collector.dir/Drivers/STM32G0xx_HAL_Driver/Src/stm32g0xx_hal_cortex.c.obj
 .debug_frame   0x000016cc      0x340 CMakeFiles/MediLiquid_Collector.dir/Drivers/STM32G0xx_HAL_Driver/Src/stm32g0xx_hal.c.obj
 .debug_frame   0x00001a0c      0xa68 CMakeFiles/MediLiquid_Collector.dir/Drivers/STM32G0xx_HAL_Driver/Src/stm32g0xx_hal_i2c.c.obj
 .debug_frame   0x00002474       0xd0 CMakeFiles/MediLiquid_Collector.dir/Drivers/STM32G0xx_HAL_Driver/Src/stm32g0xx_hal_i2c_ex.c.obj
 .debug_frame   0x00002544      0x8d4 CMakeFiles/MediLiquid_Collector.dir/Drivers/STM32G0xx_HAL_Driver/Src/stm32g0xx_hal_uart.c.obj
 .debug_frame   0x00002e18      0x258 CMakeFiles/MediLiquid_Collector.dir/Drivers/STM32G0xx_HAL_Driver/Src/stm32g0xx_hal_uart_ex.c.obj
 .debug_frame   0x00003070       0x4c CMakeFiles/MediLiquid_Collector.dir/Core/Src/system_stm32g0xx.c.obj
 .debug_frame   0x000030bc       0x20 d:/software/stm32cube/gcc-arm-none-eabi-10.3-2021.10/bin/../lib/gcc/arm-none-eabi/10.3.1/thumb/v6-m/nofp\libgcc.a(_udivsi3.o)
 .debug_frame   0x000030dc       0x20 d:/software/stm32cube/gcc-arm-none-eabi-10.3-2021.10/bin/../lib/gcc/arm-none-eabi/10.3.1/thumb/v6-m/nofp\libgcc.a(_divsi3.o)
 .debug_frame   0x000030fc       0x28 d:/software/stm32cube/gcc-arm-none-eabi-10.3-2021.10/bin/../lib/gcc/arm-none-eabi/10.3.1/../../../../arm-none-eabi/lib/thumb/v6-m/nofp\libg_nano.a(lib_a-memcpy-stub.o)

.debug_info     0x00000000    0x11d38
 .debug_info    0x00000000      0x393 CMakeFiles/MediLiquid_Collector.dir/HardWare/Src/usart_free_dma.c.obj
 .debug_info    0x00000393      0xb90 CMakeFiles/MediLiquid_Collector.dir/Core/Src/main.c.obj
 .debug_info    0x00000f23      0x43f CMakeFiles/MediLiquid_Collector.dir/Core/Src/gpio.c.obj
 .debug_info    0x00001362      0xae2 CMakeFiles/MediLiquid_Collector.dir/Core/Src/adc.c.obj
 .debug_info    0x00001e44      0x348 CMakeFiles/MediLiquid_Collector.dir/Core/Src/dma.c.obj
 .debug_info    0x0000218c      0xa57 CMakeFiles/MediLiquid_Collector.dir/Core/Src/i2c.c.obj
 .debug_info    0x00002be3      0xd96 CMakeFiles/MediLiquid_Collector.dir/Core/Src/usart.c.obj
 .debug_info    0x00003979      0x834 CMakeFiles/MediLiquid_Collector.dir/Core/Src/stm32g0xx_it.c.obj
 .debug_info    0x000041ad      0x296 CMakeFiles/MediLiquid_Collector.dir/Core/Src/stm32g0xx_hal_msp.c.obj
 .debug_info    0x00004443     0x159d CMakeFiles/MediLiquid_Collector.dir/Drivers/STM32G0xx_HAL_Driver/Src/stm32g0xx_hal_adc.c.obj
 .debug_info    0x000059e0      0xad9 CMakeFiles/MediLiquid_Collector.dir/Drivers/STM32G0xx_HAL_Driver/Src/stm32g0xx_hal_rcc.c.obj
 .debug_info    0x000064b9      0x780 CMakeFiles/MediLiquid_Collector.dir/Drivers/STM32G0xx_HAL_Driver/Src/stm32g0xx_hal_rcc_ex.c.obj
 .debug_info    0x00006c39      0x5d7 CMakeFiles/MediLiquid_Collector.dir/Drivers/STM32G0xx_HAL_Driver/Src/stm32g0xx_hal_gpio.c.obj
 .debug_info    0x00007210      0x8bb CMakeFiles/MediLiquid_Collector.dir/Drivers/STM32G0xx_HAL_Driver/Src/stm32g0xx_hal_dma.c.obj
 .debug_info    0x00007acb      0x4e8 CMakeFiles/MediLiquid_Collector.dir/Drivers/STM32G0xx_HAL_Driver/Src/stm32g0xx_hal_pwr_ex.c.obj
 .debug_info    0x00007fb3      0x945 CMakeFiles/MediLiquid_Collector.dir/Drivers/STM32G0xx_HAL_Driver/Src/stm32g0xx_hal_cortex.c.obj
 .debug_info    0x000088f8      0x904 CMakeFiles/MediLiquid_Collector.dir/Drivers/STM32G0xx_HAL_Driver/Src/stm32g0xx_hal.c.obj
 .debug_info    0x000091fc     0x237b CMakeFiles/MediLiquid_Collector.dir/Drivers/STM32G0xx_HAL_Driver/Src/stm32g0xx_hal_i2c.c.obj
 .debug_info    0x0000b577      0xa73 CMakeFiles/MediLiquid_Collector.dir/Drivers/STM32G0xx_HAL_Driver/Src/stm32g0xx_hal_i2c_ex.c.obj
 .debug_info    0x0000bfea     0x4a7c CMakeFiles/MediLiquid_Collector.dir/Drivers/STM32G0xx_HAL_Driver/Src/stm32g0xx_hal_uart.c.obj
 .debug_info    0x00010a66      0xf63 CMakeFiles/MediLiquid_Collector.dir/Drivers/STM32G0xx_HAL_Driver/Src/stm32g0xx_hal_uart_ex.c.obj
 .debug_info    0x000119c9      0x34d CMakeFiles/MediLiquid_Collector.dir/Core/Src/system_stm32g0xx.c.obj
 .debug_info    0x00011d16       0x22 CMakeFiles/MediLiquid_Collector.dir/startup_stm32g070xx.s.obj

.debug_abbrev   0x00000000     0x288a
 .debug_abbrev  0x00000000      0x18a CMakeFiles/MediLiquid_Collector.dir/HardWare/Src/usart_free_dma.c.obj
 .debug_abbrev  0x0000018a      0x1fa CMakeFiles/MediLiquid_Collector.dir/Core/Src/main.c.obj
 .debug_abbrev  0x00000384      0x128 CMakeFiles/MediLiquid_Collector.dir/Core/Src/gpio.c.obj
 .debug_abbrev  0x000004ac      0x1a8 CMakeFiles/MediLiquid_Collector.dir/Core/Src/adc.c.obj
 .debug_abbrev  0x00000654       0xf5 CMakeFiles/MediLiquid_Collector.dir/Core/Src/dma.c.obj
 .debug_abbrev  0x00000749      0x1b3 CMakeFiles/MediLiquid_Collector.dir/Core/Src/i2c.c.obj
 .debug_abbrev  0x000008fc      0x1e4 CMakeFiles/MediLiquid_Collector.dir/Core/Src/usart.c.obj
 .debug_abbrev  0x00000ae0      0x172 CMakeFiles/MediLiquid_Collector.dir/Core/Src/stm32g0xx_it.c.obj
 .debug_abbrev  0x00000c52       0xdb CMakeFiles/MediLiquid_Collector.dir/Core/Src/stm32g0xx_hal_msp.c.obj
 .debug_abbrev  0x00000d2d      0x213 CMakeFiles/MediLiquid_Collector.dir/Drivers/STM32G0xx_HAL_Driver/Src/stm32g0xx_hal_adc.c.obj
 .debug_abbrev  0x00000f40      0x25b CMakeFiles/MediLiquid_Collector.dir/Drivers/STM32G0xx_HAL_Driver/Src/stm32g0xx_hal_rcc.c.obj
 .debug_abbrev  0x0000119b      0x1d6 CMakeFiles/MediLiquid_Collector.dir/Drivers/STM32G0xx_HAL_Driver/Src/stm32g0xx_hal_rcc_ex.c.obj
 .debug_abbrev  0x00001371      0x1b9 CMakeFiles/MediLiquid_Collector.dir/Drivers/STM32G0xx_HAL_Driver/Src/stm32g0xx_hal_gpio.c.obj
 .debug_abbrev  0x0000152a      0x1c6 CMakeFiles/MediLiquid_Collector.dir/Drivers/STM32G0xx_HAL_Driver/Src/stm32g0xx_hal_dma.c.obj
 .debug_abbrev  0x000016f0      0x1d1 CMakeFiles/MediLiquid_Collector.dir/Drivers/STM32G0xx_HAL_Driver/Src/stm32g0xx_hal_pwr_ex.c.obj
 .debug_abbrev  0x000018c1      0x29f CMakeFiles/MediLiquid_Collector.dir/Drivers/STM32G0xx_HAL_Driver/Src/stm32g0xx_hal_cortex.c.obj
 .debug_abbrev  0x00001b60      0x276 CMakeFiles/MediLiquid_Collector.dir/Drivers/STM32G0xx_HAL_Driver/Src/stm32g0xx_hal.c.obj
 .debug_abbrev  0x00001dd6      0x252 CMakeFiles/MediLiquid_Collector.dir/Drivers/STM32G0xx_HAL_Driver/Src/stm32g0xx_hal_i2c.c.obj
 .debug_abbrev  0x00002028      0x1d7 CMakeFiles/MediLiquid_Collector.dir/Drivers/STM32G0xx_HAL_Driver/Src/stm32g0xx_hal_i2c_ex.c.obj
 .debug_abbrev  0x000021ff      0x2cf CMakeFiles/MediLiquid_Collector.dir/Drivers/STM32G0xx_HAL_Driver/Src/stm32g0xx_hal_uart.c.obj
 .debug_abbrev  0x000024ce      0x294 CMakeFiles/MediLiquid_Collector.dir/Drivers/STM32G0xx_HAL_Driver/Src/stm32g0xx_hal_uart_ex.c.obj
 .debug_abbrev  0x00002762      0x116 CMakeFiles/MediLiquid_Collector.dir/Core/Src/system_stm32g0xx.c.obj
 .debug_abbrev  0x00002878       0x12 CMakeFiles/MediLiquid_Collector.dir/startup_stm32g070xx.s.obj

.debug_aranges  0x00000000      0xe18
 .debug_aranges
                0x00000000       0x30 CMakeFiles/MediLiquid_Collector.dir/HardWare/Src/usart_free_dma.c.obj
 .debug_aranges
                0x00000030       0x30 CMakeFiles/MediLiquid_Collector.dir/Core/Src/main.c.obj
 .debug_aranges
                0x00000060       0x20 CMakeFiles/MediLiquid_Collector.dir/Core/Src/gpio.c.obj
 .debug_aranges
                0x00000080       0x30 CMakeFiles/MediLiquid_Collector.dir/Core/Src/adc.c.obj
 .debug_aranges
                0x000000b0       0x20 CMakeFiles/MediLiquid_Collector.dir/Core/Src/dma.c.obj
 .debug_aranges
                0x000000d0       0x30 CMakeFiles/MediLiquid_Collector.dir/Core/Src/i2c.c.obj
 .debug_aranges
                0x00000100       0x40 CMakeFiles/MediLiquid_Collector.dir/Core/Src/usart.c.obj
 .debug_aranges
                0x00000140       0x58 CMakeFiles/MediLiquid_Collector.dir/Core/Src/stm32g0xx_it.c.obj
 .debug_aranges
                0x00000198       0x20 CMakeFiles/MediLiquid_Collector.dir/Core/Src/stm32g0xx_hal_msp.c.obj
 .debug_aranges
                0x000001b8      0x1f0 CMakeFiles/MediLiquid_Collector.dir/Drivers/STM32G0xx_HAL_Driver/Src/stm32g0xx_hal_adc.c.obj
 .debug_aranges
                0x000003a8       0xa0 CMakeFiles/MediLiquid_Collector.dir/Drivers/STM32G0xx_HAL_Driver/Src/stm32g0xx_hal_rcc.c.obj
 .debug_aranges
                0x00000448       0x40 CMakeFiles/MediLiquid_Collector.dir/Drivers/STM32G0xx_HAL_Driver/Src/stm32g0xx_hal_rcc_ex.c.obj
 .debug_aranges
                0x00000488       0x60 CMakeFiles/MediLiquid_Collector.dir/Drivers/STM32G0xx_HAL_Driver/Src/stm32g0xx_hal_gpio.c.obj
 .debug_aranges
                0x000004e8       0x90 CMakeFiles/MediLiquid_Collector.dir/Drivers/STM32G0xx_HAL_Driver/Src/stm32g0xx_hal_dma.c.obj
 .debug_aranges
                0x00000578       0x98 CMakeFiles/MediLiquid_Collector.dir/Drivers/STM32G0xx_HAL_Driver/Src/stm32g0xx_hal_pwr_ex.c.obj
 .debug_aranges
                0x00000610       0xe8 CMakeFiles/MediLiquid_Collector.dir/Drivers/STM32G0xx_HAL_Driver/Src/stm32g0xx_hal_cortex.c.obj
 .debug_aranges
                0x000006f8       0xf8 CMakeFiles/MediLiquid_Collector.dir/Drivers/STM32G0xx_HAL_Driver/Src/stm32g0xx_hal.c.obj
 .debug_aranges
                0x000007f0      0x2a0 CMakeFiles/MediLiquid_Collector.dir/Drivers/STM32G0xx_HAL_Driver/Src/stm32g0xx_hal_i2c.c.obj
 .debug_aranges
                0x00000a90       0x48 CMakeFiles/MediLiquid_Collector.dir/Drivers/STM32G0xx_HAL_Driver/Src/stm32g0xx_hal_i2c_ex.c.obj
 .debug_aranges
                0x00000ad8      0x248 CMakeFiles/MediLiquid_Collector.dir/Drivers/STM32G0xx_HAL_Driver/Src/stm32g0xx_hal_uart.c.obj
 .debug_aranges
                0x00000d20       0xa8 CMakeFiles/MediLiquid_Collector.dir/Drivers/STM32G0xx_HAL_Driver/Src/stm32g0xx_hal_uart_ex.c.obj
 .debug_aranges
                0x00000dc8       0x28 CMakeFiles/MediLiquid_Collector.dir/Core/Src/system_stm32g0xx.c.obj
 .debug_aranges
                0x00000df0       0x28 CMakeFiles/MediLiquid_Collector.dir/startup_stm32g070xx.s.obj

.debug_ranges   0x00000000      0xce0
 .debug_ranges  0x00000000       0x20 CMakeFiles/MediLiquid_Collector.dir/HardWare/Src/usart_free_dma.c.obj
 .debug_ranges  0x00000020       0x20 CMakeFiles/MediLiquid_Collector.dir/Core/Src/main.c.obj
 .debug_ranges  0x00000040       0x10 CMakeFiles/MediLiquid_Collector.dir/Core/Src/gpio.c.obj
 .debug_ranges  0x00000050       0x20 CMakeFiles/MediLiquid_Collector.dir/Core/Src/adc.c.obj
 .debug_ranges  0x00000070       0x10 CMakeFiles/MediLiquid_Collector.dir/Core/Src/dma.c.obj
 .debug_ranges  0x00000080       0x20 CMakeFiles/MediLiquid_Collector.dir/Core/Src/i2c.c.obj
 .debug_ranges  0x000000a0       0x30 CMakeFiles/MediLiquid_Collector.dir/Core/Src/usart.c.obj
 .debug_ranges  0x000000d0       0x48 CMakeFiles/MediLiquid_Collector.dir/Core/Src/stm32g0xx_it.c.obj
 .debug_ranges  0x00000118       0x10 CMakeFiles/MediLiquid_Collector.dir/Core/Src/stm32g0xx_hal_msp.c.obj
 .debug_ranges  0x00000128      0x1e0 CMakeFiles/MediLiquid_Collector.dir/Drivers/STM32G0xx_HAL_Driver/Src/stm32g0xx_hal_adc.c.obj
 .debug_ranges  0x00000308       0x90 CMakeFiles/MediLiquid_Collector.dir/Drivers/STM32G0xx_HAL_Driver/Src/stm32g0xx_hal_rcc.c.obj
 .debug_ranges  0x00000398       0x30 CMakeFiles/MediLiquid_Collector.dir/Drivers/STM32G0xx_HAL_Driver/Src/stm32g0xx_hal_rcc_ex.c.obj
 .debug_ranges  0x000003c8       0x50 CMakeFiles/MediLiquid_Collector.dir/Drivers/STM32G0xx_HAL_Driver/Src/stm32g0xx_hal_gpio.c.obj
 .debug_ranges  0x00000418       0x80 CMakeFiles/MediLiquid_Collector.dir/Drivers/STM32G0xx_HAL_Driver/Src/stm32g0xx_hal_dma.c.obj
 .debug_ranges  0x00000498       0x88 CMakeFiles/MediLiquid_Collector.dir/Drivers/STM32G0xx_HAL_Driver/Src/stm32g0xx_hal_pwr_ex.c.obj
 .debug_ranges  0x00000520       0xd8 CMakeFiles/MediLiquid_Collector.dir/Drivers/STM32G0xx_HAL_Driver/Src/stm32g0xx_hal_cortex.c.obj
 .debug_ranges  0x000005f8       0xe8 CMakeFiles/MediLiquid_Collector.dir/Drivers/STM32G0xx_HAL_Driver/Src/stm32g0xx_hal.c.obj
 .debug_ranges  0x000006e0      0x290 CMakeFiles/MediLiquid_Collector.dir/Drivers/STM32G0xx_HAL_Driver/Src/stm32g0xx_hal_i2c.c.obj
 .debug_ranges  0x00000970       0x38 CMakeFiles/MediLiquid_Collector.dir/Drivers/STM32G0xx_HAL_Driver/Src/stm32g0xx_hal_i2c_ex.c.obj
 .debug_ranges  0x000009a8      0x268 CMakeFiles/MediLiquid_Collector.dir/Drivers/STM32G0xx_HAL_Driver/Src/stm32g0xx_hal_uart.c.obj
 .debug_ranges  0x00000c10       0x98 CMakeFiles/MediLiquid_Collector.dir/Drivers/STM32G0xx_HAL_Driver/Src/stm32g0xx_hal_uart_ex.c.obj
 .debug_ranges  0x00000ca8       0x18 CMakeFiles/MediLiquid_Collector.dir/Core/Src/system_stm32g0xx.c.obj
 .debug_ranges  0x00000cc0       0x20 CMakeFiles/MediLiquid_Collector.dir/startup_stm32g070xx.s.obj

.debug_macro    0x00000000    0x165a9
 .debug_macro   0x00000000      0x228 CMakeFiles/MediLiquid_Collector.dir/HardWare/Src/usart_free_dma.c.obj
 .debug_macro   0x00000228      0x123 CMakeFiles/MediLiquid_Collector.dir/HardWare/Src/usart_free_dma.c.obj
 .debug_macro   0x0000034b       0x2e CMakeFiles/MediLiquid_Collector.dir/HardWare/Src/usart_free_dma.c.obj
 .debug_macro   0x00000379       0x28 CMakeFiles/MediLiquid_Collector.dir/HardWare/Src/usart_free_dma.c.obj
 .debug_macro   0x000003a1       0x22 CMakeFiles/MediLiquid_Collector.dir/HardWare/Src/usart_free_dma.c.obj
 .debug_macro   0x000003c3       0x8e CMakeFiles/MediLiquid_Collector.dir/HardWare/Src/usart_free_dma.c.obj
 .debug_macro   0x00000451       0x51 CMakeFiles/MediLiquid_Collector.dir/HardWare/Src/usart_free_dma.c.obj
 .debug_macro   0x000004a2      0x103 CMakeFiles/MediLiquid_Collector.dir/HardWare/Src/usart_free_dma.c.obj
 .debug_macro   0x000005a5       0x6a CMakeFiles/MediLiquid_Collector.dir/HardWare/Src/usart_free_dma.c.obj
 .debug_macro   0x0000060f      0x1df CMakeFiles/MediLiquid_Collector.dir/HardWare/Src/usart_free_dma.c.obj
 .debug_macro   0x000007ee       0x1c CMakeFiles/MediLiquid_Collector.dir/HardWare/Src/usart_free_dma.c.obj
 .debug_macro   0x0000080a       0x22 CMakeFiles/MediLiquid_Collector.dir/HardWare/Src/usart_free_dma.c.obj
 .debug_macro   0x0000082c       0xd1 CMakeFiles/MediLiquid_Collector.dir/HardWare/Src/usart_free_dma.c.obj
 .debug_macro   0x000008fd      0x4da CMakeFiles/MediLiquid_Collector.dir/HardWare/Src/usart_free_dma.c.obj
 .debug_macro   0x00000dd7      0x11f CMakeFiles/MediLiquid_Collector.dir/HardWare/Src/usart_free_dma.c.obj
 .debug_macro   0x00000ef6     0xa701 CMakeFiles/MediLiquid_Collector.dir/HardWare/Src/usart_free_dma.c.obj
 .debug_macro   0x0000b5f7       0x66 CMakeFiles/MediLiquid_Collector.dir/HardWare/Src/usart_free_dma.c.obj
 .debug_macro   0x0000b65d     0x350e CMakeFiles/MediLiquid_Collector.dir/HardWare/Src/usart_free_dma.c.obj
 .debug_macro   0x0000eb6b      0x174 CMakeFiles/MediLiquid_Collector.dir/HardWare/Src/usart_free_dma.c.obj
 .debug_macro   0x0000ecdf       0x5c CMakeFiles/MediLiquid_Collector.dir/HardWare/Src/usart_free_dma.c.obj
 .debug_macro   0x0000ed3b      0x485 CMakeFiles/MediLiquid_Collector.dir/HardWare/Src/usart_free_dma.c.obj
 .debug_macro   0x0000f1c0      0xeb4 CMakeFiles/MediLiquid_Collector.dir/HardWare/Src/usart_free_dma.c.obj
 .debug_macro   0x00010074      0x13e CMakeFiles/MediLiquid_Collector.dir/HardWare/Src/usart_free_dma.c.obj
 .debug_macro   0x000101b2      0x1cf CMakeFiles/MediLiquid_Collector.dir/HardWare/Src/usart_free_dma.c.obj
 .debug_macro   0x00010381      0x13e CMakeFiles/MediLiquid_Collector.dir/HardWare/Src/usart_free_dma.c.obj
 .debug_macro   0x000104bf      0x3a8 CMakeFiles/MediLiquid_Collector.dir/HardWare/Src/usart_free_dma.c.obj
 .debug_macro   0x00010867      0x280 CMakeFiles/MediLiquid_Collector.dir/HardWare/Src/usart_free_dma.c.obj
 .debug_macro   0x00010ae7      0x345 CMakeFiles/MediLiquid_Collector.dir/HardWare/Src/usart_free_dma.c.obj
 .debug_macro   0x00010e2c      0x198 CMakeFiles/MediLiquid_Collector.dir/HardWare/Src/usart_free_dma.c.obj
 .debug_macro   0x00010fc4       0x43 CMakeFiles/MediLiquid_Collector.dir/HardWare/Src/usart_free_dma.c.obj
 .debug_macro   0x00011007      0x1f1 CMakeFiles/MediLiquid_Collector.dir/HardWare/Src/usart_free_dma.c.obj
 .debug_macro   0x000111f8      0x8af CMakeFiles/MediLiquid_Collector.dir/HardWare/Src/usart_free_dma.c.obj
 .debug_macro   0x00011aa7      0x5bb CMakeFiles/MediLiquid_Collector.dir/HardWare/Src/usart_free_dma.c.obj
 .debug_macro   0x00012062       0x2e CMakeFiles/MediLiquid_Collector.dir/HardWare/Src/usart_free_dma.c.obj
 .debug_macro   0x00012090      0x1d6 CMakeFiles/MediLiquid_Collector.dir/HardWare/Src/usart_free_dma.c.obj
 .debug_macro   0x00012266      0x2a3 CMakeFiles/MediLiquid_Collector.dir/HardWare/Src/usart_free_dma.c.obj
 .debug_macro   0x00012509       0x28 CMakeFiles/MediLiquid_Collector.dir/HardWare/Src/usart_free_dma.c.obj
 .debug_macro   0x00012531       0xcf CMakeFiles/MediLiquid_Collector.dir/HardWare/Src/usart_free_dma.c.obj
 .debug_macro   0x00012600      0x22c CMakeFiles/MediLiquid_Collector.dir/HardWare/Src/usart_free_dma.c.obj
 .debug_macro   0x0001282c       0x67 CMakeFiles/MediLiquid_Collector.dir/HardWare/Src/usart_free_dma.c.obj
 .debug_macro   0x00012893       0xa5 CMakeFiles/MediLiquid_Collector.dir/HardWare/Src/usart_free_dma.c.obj
 .debug_macro   0x00012938      0x118 CMakeFiles/MediLiquid_Collector.dir/HardWare/Src/usart_free_dma.c.obj
 .debug_macro   0x00012a50      0x10d CMakeFiles/MediLiquid_Collector.dir/HardWare/Src/usart_free_dma.c.obj
 .debug_macro   0x00012b5d      0x693 CMakeFiles/MediLiquid_Collector.dir/HardWare/Src/usart_free_dma.c.obj
 .debug_macro   0x000131f0       0xa6 CMakeFiles/MediLiquid_Collector.dir/HardWare/Src/usart_free_dma.c.obj
 .debug_macro   0x00013296      0x43d CMakeFiles/MediLiquid_Collector.dir/HardWare/Src/usart_free_dma.c.obj
 .debug_macro   0x000136d3       0xdc CMakeFiles/MediLiquid_Collector.dir/HardWare/Src/usart_free_dma.c.obj
 .debug_macro   0x000137af       0x1c CMakeFiles/MediLiquid_Collector.dir/HardWare/Src/usart_free_dma.c.obj
 .debug_macro   0x000137cb      0x268 CMakeFiles/MediLiquid_Collector.dir/Core/Src/main.c.obj
 .debug_macro   0x00013a33      0x229 CMakeFiles/MediLiquid_Collector.dir/Core/Src/gpio.c.obj
 .debug_macro   0x00013c5c      0x229 CMakeFiles/MediLiquid_Collector.dir/Core/Src/adc.c.obj
 .debug_macro   0x00013e85      0x229 CMakeFiles/MediLiquid_Collector.dir/Core/Src/dma.c.obj
 .debug_macro   0x000140ae      0x229 CMakeFiles/MediLiquid_Collector.dir/Core/Src/i2c.c.obj
 .debug_macro   0x000142d7      0x236 CMakeFiles/MediLiquid_Collector.dir/Core/Src/usart.c.obj
 .debug_macro   0x0001450d      0x229 CMakeFiles/MediLiquid_Collector.dir/Core/Src/stm32g0xx_it.c.obj
 .debug_macro   0x00014736      0x21f CMakeFiles/MediLiquid_Collector.dir/Core/Src/stm32g0xx_hal_msp.c.obj
 .debug_macro   0x00014955      0x230 CMakeFiles/MediLiquid_Collector.dir/Drivers/STM32G0xx_HAL_Driver/Src/stm32g0xx_hal_adc.c.obj
 .debug_macro   0x00014b85      0x24e CMakeFiles/MediLiquid_Collector.dir/Drivers/STM32G0xx_HAL_Driver/Src/stm32g0xx_hal_rcc.c.obj
 .debug_macro   0x00014dd3      0x224 CMakeFiles/MediLiquid_Collector.dir/Drivers/STM32G0xx_HAL_Driver/Src/stm32g0xx_hal_rcc_ex.c.obj
 .debug_macro   0x00014ff7      0x213 CMakeFiles/MediLiquid_Collector.dir/Drivers/STM32G0xx_HAL_Driver/Src/stm32g0xx_hal_gpio.c.obj
 .debug_macro   0x0001520a      0x20c CMakeFiles/MediLiquid_Collector.dir/Drivers/STM32G0xx_HAL_Driver/Src/stm32g0xx_hal_dma.c.obj
 .debug_macro   0x00015416      0x21e CMakeFiles/MediLiquid_Collector.dir/Drivers/STM32G0xx_HAL_Driver/Src/stm32g0xx_hal_pwr_ex.c.obj
 .debug_macro   0x00015634      0x20c CMakeFiles/MediLiquid_Collector.dir/Drivers/STM32G0xx_HAL_Driver/Src/stm32g0xx_hal_cortex.c.obj
 .debug_macro   0x00015840      0x22a CMakeFiles/MediLiquid_Collector.dir/Drivers/STM32G0xx_HAL_Driver/Src/stm32g0xx_hal.c.obj
 .debug_macro   0x00015a6a      0x2d8 CMakeFiles/MediLiquid_Collector.dir/Drivers/STM32G0xx_HAL_Driver/Src/stm32g0xx_hal_i2c.c.obj
 .debug_macro   0x00015d42      0x20c CMakeFiles/MediLiquid_Collector.dir/Drivers/STM32G0xx_HAL_Driver/Src/stm32g0xx_hal_i2c_ex.c.obj
 .debug_macro   0x00015f4e      0x237 CMakeFiles/MediLiquid_Collector.dir/Drivers/STM32G0xx_HAL_Driver/Src/stm32g0xx_hal_uart.c.obj
 .debug_macro   0x00016185      0x218 CMakeFiles/MediLiquid_Collector.dir/Drivers/STM32G0xx_HAL_Driver/Src/stm32g0xx_hal_uart_ex.c.obj
 .debug_macro   0x0001639d      0x20c CMakeFiles/MediLiquid_Collector.dir/Core/Src/system_stm32g0xx.c.obj

.debug_line     0x00000000    0x13e2f
 .debug_line    0x00000000      0x84a CMakeFiles/MediLiquid_Collector.dir/HardWare/Src/usart_free_dma.c.obj
 .debug_line    0x0000084a      0x84b CMakeFiles/MediLiquid_Collector.dir/Core/Src/main.c.obj
 .debug_line    0x00001095      0x78b CMakeFiles/MediLiquid_Collector.dir/Core/Src/gpio.c.obj
 .debug_line    0x00001820      0x7b4 CMakeFiles/MediLiquid_Collector.dir/Core/Src/adc.c.obj
 .debug_line    0x00001fd4      0x721 CMakeFiles/MediLiquid_Collector.dir/Core/Src/dma.c.obj
 .debug_line    0x000026f5      0x7a0 CMakeFiles/MediLiquid_Collector.dir/Core/Src/i2c.c.obj
 .debug_line    0x00002e95      0x8be CMakeFiles/MediLiquid_Collector.dir/Core/Src/usart.c.obj
 .debug_line    0x00003753      0x7d0 CMakeFiles/MediLiquid_Collector.dir/Core/Src/stm32g0xx_it.c.obj
 .debug_line    0x00003f23      0x724 CMakeFiles/MediLiquid_Collector.dir/Core/Src/stm32g0xx_hal_msp.c.obj
 .debug_line    0x00004647     0x18d5 CMakeFiles/MediLiquid_Collector.dir/Drivers/STM32G0xx_HAL_Driver/Src/stm32g0xx_hal_adc.c.obj
 .debug_line    0x00005f1c      0xefa CMakeFiles/MediLiquid_Collector.dir/Drivers/STM32G0xx_HAL_Driver/Src/stm32g0xx_hal_rcc.c.obj
 .debug_line    0x00006e16      0xb05 CMakeFiles/MediLiquid_Collector.dir/Drivers/STM32G0xx_HAL_Driver/Src/stm32g0xx_hal_rcc_ex.c.obj
 .debug_line    0x0000791b      0xb39 CMakeFiles/MediLiquid_Collector.dir/Drivers/STM32G0xx_HAL_Driver/Src/stm32g0xx_hal_gpio.c.obj
 .debug_line    0x00008454      0xd6d CMakeFiles/MediLiquid_Collector.dir/Drivers/STM32G0xx_HAL_Driver/Src/stm32g0xx_hal_dma.c.obj
 .debug_line    0x000091c1      0x969 CMakeFiles/MediLiquid_Collector.dir/Drivers/STM32G0xx_HAL_Driver/Src/stm32g0xx_hal_pwr_ex.c.obj
 .debug_line    0x00009b2a      0xb7b CMakeFiles/MediLiquid_Collector.dir/Drivers/STM32G0xx_HAL_Driver/Src/stm32g0xx_hal_cortex.c.obj
 .debug_line    0x0000a6a5      0xa39 CMakeFiles/MediLiquid_Collector.dir/Drivers/STM32G0xx_HAL_Driver/Src/stm32g0xx_hal.c.obj
 .debug_line    0x0000b0de     0x395b CMakeFiles/MediLiquid_Collector.dir/Drivers/STM32G0xx_HAL_Driver/Src/stm32g0xx_hal_i2c.c.obj
 .debug_line    0x0000ea39      0x941 CMakeFiles/MediLiquid_Collector.dir/Drivers/STM32G0xx_HAL_Driver/Src/stm32g0xx_hal_i2c_ex.c.obj
 .debug_line    0x0000f37a     0x3497 CMakeFiles/MediLiquid_Collector.dir/Drivers/STM32G0xx_HAL_Driver/Src/stm32g0xx_hal_uart.c.obj
 .debug_line    0x00012811      0xdd3 CMakeFiles/MediLiquid_Collector.dir/Drivers/STM32G0xx_HAL_Driver/Src/stm32g0xx_hal_uart_ex.c.obj
 .debug_line    0x000135e4      0x796 CMakeFiles/MediLiquid_Collector.dir/Core/Src/system_stm32g0xx.c.obj
 .debug_line    0x00013d7a       0xb5 CMakeFiles/MediLiquid_Collector.dir/startup_stm32g070xx.s.obj

.debug_str      0x00000000    0x8dcd6
 .debug_str     0x00000000    0x88f59 CMakeFiles/MediLiquid_Collector.dir/HardWare/Src/usart_free_dma.c.obj
                              0x895f4 (size before relaxing)
 .debug_str     0x00088f59      0x6e0 CMakeFiles/MediLiquid_Collector.dir/Core/Src/main.c.obj
                              0x89ca9 (size before relaxing)
 .debug_str     0x00089639      0x150 CMakeFiles/MediLiquid_Collector.dir/Core/Src/gpio.c.obj
                              0x895f4 (size before relaxing)
 .debug_str     0x00089789      0x2b5 CMakeFiles/MediLiquid_Collector.dir/Core/Src/adc.c.obj
                              0x89b69 (size before relaxing)
 .debug_str     0x00089a3e      0x1f5 CMakeFiles/MediLiquid_Collector.dir/Core/Src/dma.c.obj
                              0x896fc (size before relaxing)
 .debug_str     0x00089c33      0x2b5 CMakeFiles/MediLiquid_Collector.dir/Core/Src/i2c.c.obj
                              0x89b7c (size before relaxing)
 .debug_str     0x00089ee8      0x198 CMakeFiles/MediLiquid_Collector.dir/Core/Src/usart.c.obj
                              0x89ec3 (size before relaxing)
 .debug_str     0x0008a080       0xf7 CMakeFiles/MediLiquid_Collector.dir/Core/Src/stm32g0xx_it.c.obj
                              0x89a81 (size before relaxing)
 .debug_str     0x0008a177       0x67 CMakeFiles/MediLiquid_Collector.dir/Core/Src/stm32g0xx_hal_msp.c.obj
                              0x89557 (size before relaxing)
 .debug_str     0x0008a1de      0x8ae CMakeFiles/MediLiquid_Collector.dir/Drivers/STM32G0xx_HAL_Driver/Src/stm32g0xx_hal_adc.c.obj
                              0x89eeb (size before relaxing)
 .debug_str     0x0008aa8c      0x5ce CMakeFiles/MediLiquid_Collector.dir/Drivers/STM32G0xx_HAL_Driver/Src/stm32g0xx_hal_rcc.c.obj
                              0x898e5 (size before relaxing)
 .debug_str     0x0008b05a      0x1a7 CMakeFiles/MediLiquid_Collector.dir/Drivers/STM32G0xx_HAL_Driver/Src/stm32g0xx_hal_rcc_ex.c.obj
                              0x894bf (size before relaxing)
 .debug_str     0x0008b201      0x1b6 CMakeFiles/MediLiquid_Collector.dir/Drivers/STM32G0xx_HAL_Driver/Src/stm32g0xx_hal_gpio.c.obj
                              0x8931d (size before relaxing)
 .debug_str     0x0008b3b7      0x2ed CMakeFiles/MediLiquid_Collector.dir/Drivers/STM32G0xx_HAL_Driver/Src/stm32g0xx_hal_dma.c.obj
                              0x89676 (size before relaxing)
 .debug_str     0x0008b6a4      0x224 CMakeFiles/MediLiquid_Collector.dir/Drivers/STM32G0xx_HAL_Driver/Src/stm32g0xx_hal_pwr_ex.c.obj
                              0x8943c (size before relaxing)
 .debug_str     0x0008b8c8      0x343 CMakeFiles/MediLiquid_Collector.dir/Drivers/STM32G0xx_HAL_Driver/Src/stm32g0xx_hal_cortex.c.obj
                              0x89667 (size before relaxing)
 .debug_str     0x0008bc0b      0x42a CMakeFiles/MediLiquid_Collector.dir/Drivers/STM32G0xx_HAL_Driver/Src/stm32g0xx_hal.c.obj
                              0x89858 (size before relaxing)
 .debug_str     0x0008c035      0xdf9 CMakeFiles/MediLiquid_Collector.dir/Drivers/STM32G0xx_HAL_Driver/Src/stm32g0xx_hal_i2c.c.obj
                              0x8a56c (size before relaxing)
 .debug_str     0x0008ce2e       0xf3 CMakeFiles/MediLiquid_Collector.dir/Drivers/STM32G0xx_HAL_Driver/Src/stm32g0xx_hal_i2c_ex.c.obj
                              0x89827 (size before relaxing)
 .debug_str     0x0008cf21      0x995 CMakeFiles/MediLiquid_Collector.dir/Drivers/STM32G0xx_HAL_Driver/Src/stm32g0xx_hal_uart.c.obj
                              0x8a0e2 (size before relaxing)
 .debug_str     0x0008d8b6      0x343 CMakeFiles/MediLiquid_Collector.dir/Drivers/STM32G0xx_HAL_Driver/Src/stm32g0xx_hal_uart_ex.c.obj
                              0x899c8 (size before relaxing)
 .debug_str     0x0008dbf9       0x7b CMakeFiles/MediLiquid_Collector.dir/Core/Src/system_stm32g0xx.c.obj
                              0x891e8 (size before relaxing)
 .debug_str     0x0008dc74       0x62 CMakeFiles/MediLiquid_Collector.dir/startup_stm32g070xx.s.obj
                                 0xac (size before relaxing)

.comment        0x00000000       0x49
 .comment       0x00000000       0x49 CMakeFiles/MediLiquid_Collector.dir/HardWare/Src/usart_free_dma.c.obj
                                 0x4a (size before relaxing)
 .comment       0x00000049       0x4a CMakeFiles/MediLiquid_Collector.dir/Core/Src/main.c.obj
 .comment       0x00000049       0x4a CMakeFiles/MediLiquid_Collector.dir/Core/Src/gpio.c.obj
 .comment       0x00000049       0x4a CMakeFiles/MediLiquid_Collector.dir/Core/Src/adc.c.obj
 .comment       0x00000049       0x4a CMakeFiles/MediLiquid_Collector.dir/Core/Src/dma.c.obj
 .comment       0x00000049       0x4a CMakeFiles/MediLiquid_Collector.dir/Core/Src/i2c.c.obj
 .comment       0x00000049       0x4a CMakeFiles/MediLiquid_Collector.dir/Core/Src/usart.c.obj
 .comment       0x00000049       0x4a CMakeFiles/MediLiquid_Collector.dir/Core/Src/stm32g0xx_it.c.obj
 .comment       0x00000049       0x4a CMakeFiles/MediLiquid_Collector.dir/Core/Src/stm32g0xx_hal_msp.c.obj
 .comment       0x00000049       0x4a CMakeFiles/MediLiquid_Collector.dir/Drivers/STM32G0xx_HAL_Driver/Src/stm32g0xx_hal_adc.c.obj
 .comment       0x00000049       0x4a CMakeFiles/MediLiquid_Collector.dir/Drivers/STM32G0xx_HAL_Driver/Src/stm32g0xx_hal_rcc.c.obj
 .comment       0x00000049       0x4a CMakeFiles/MediLiquid_Collector.dir/Drivers/STM32G0xx_HAL_Driver/Src/stm32g0xx_hal_rcc_ex.c.obj
 .comment       0x00000049       0x4a CMakeFiles/MediLiquid_Collector.dir/Drivers/STM32G0xx_HAL_Driver/Src/stm32g0xx_hal_gpio.c.obj
 .comment       0x00000049       0x4a CMakeFiles/MediLiquid_Collector.dir/Drivers/STM32G0xx_HAL_Driver/Src/stm32g0xx_hal_dma.c.obj
 .comment       0x00000049       0x4a CMakeFiles/MediLiquid_Collector.dir/Drivers/STM32G0xx_HAL_Driver/Src/stm32g0xx_hal_pwr_ex.c.obj
 .comment       0x00000049       0x4a CMakeFiles/MediLiquid_Collector.dir/Drivers/STM32G0xx_HAL_Driver/Src/stm32g0xx_hal_cortex.c.obj
 .comment       0x00000049       0x4a CMakeFiles/MediLiquid_Collector.dir/Drivers/STM32G0xx_HAL_Driver/Src/stm32g0xx_hal.c.obj
 .comment       0x00000049       0x4a CMakeFiles/MediLiquid_Collector.dir/Drivers/STM32G0xx_HAL_Driver/Src/stm32g0xx_hal_i2c.c.obj
 .comment       0x00000049       0x4a CMakeFiles/MediLiquid_Collector.dir/Drivers/STM32G0xx_HAL_Driver/Src/stm32g0xx_hal_i2c_ex.c.obj
 .comment       0x00000049       0x4a CMakeFiles/MediLiquid_Collector.dir/Drivers/STM32G0xx_HAL_Driver/Src/stm32g0xx_hal_uart.c.obj
 .comment       0x00000049       0x4a CMakeFiles/MediLiquid_Collector.dir/Drivers/STM32G0xx_HAL_Driver/Src/stm32g0xx_hal_uart_ex.c.obj
 .comment       0x00000049       0x4a CMakeFiles/MediLiquid_Collector.dir/Core/Src/system_stm32g0xx.c.obj
